BL51 BANKED LINKER/LOCATER V4.02                                                        10/11/2019  21:49:13  PAGE 1


BL51 BANKED LINKER/LOCATER V4.02, INVOKED BY:
C:\KEIL\C51\BIN\BL51.EXE .\exp_2_fall2019.obj, .\LCD_hardware_functions.obj, .\LCD_routines.obj, .\LED_Outputs.obj, .\Lo
>> ng_Serial_In.obj, .\print_bytes.obj, .\Timer0_hardware_delay_1ms.obj, .\UART.obj, .\SPI.obj, .\SD_card.obj, .\outputs
>> .obj TO exp2


MEMORY MODEL: SMALL


INPUT MODULES INCLUDED:
  .\exp_2_fall2019.obj (EXP_2_FALL2019)
  .\LCD_hardware_functions.obj (LCD_HARDWARE_FUNCTIONS)
  .\LCD_routines.obj (LCD_ROUTINES)
  .\LED_Outputs.obj (LED_OUTPUTS)
  .\Long_Serial_In.obj (LONG_SERIAL_IN)
  .\print_bytes.obj (PRINT_BYTES)
  .\Timer0_hardware_delay_1ms.obj (TIMER0_HARDWARE_DELAY_1MS)
  .\UART.obj (UART)
  .\SPI.obj (SPI)
  .\SD_card.obj (SD_CARD)
  .\outputs.obj (OUTPUTS)
  C:\KEIL\C51\LIB\C51S.LIB (?C_STARTUP)
  C:\KEIL\C51\LIB\C51S.LIB (?C?CLDOPTR)
  C:\KEIL\C51\LIB\C51S.LIB (?C?CSTPTR)
  C:\KEIL\C51\LIB\C51S.LIB (?C?CSTOPTR)
  C:\KEIL\C51\LIB\C51S.LIB (?C?LMUL)
  C:\KEIL\C51\LIB\C51S.LIB (?C?ULDIV)
  C:\KEIL\C51\LIB\C51S.LIB (?C?ULCMP)
  C:\KEIL\C51\LIB\C51S.LIB (?C?ULSHR)
  C:\KEIL\C51\LIB\C51S.LIB (PUTCHAR)
  C:\KEIL\C51\LIB\C51S.LIB (PRINTF)
  C:\KEIL\C51\LIB\C51S.LIB (ATOL)
  C:\KEIL\C51\LIB\C51S.LIB (?C?CLDPTR)
  C:\KEIL\C51\LIB\C51S.LIB (?C?LNEG)
  C:\KEIL\C51\LIB\C51S.LIB (?C?PLDIIDATA)
  C:\KEIL\C51\LIB\C51S.LIB (?C?CCASE)
  C:\KEIL\C51\LIB\C51S.LIB (ISDIGIT)
  C:\KEIL\C51\LIB\C51S.LIB (ISSPACE)


LINK MAP OF MODULE:  exp2 (EXP_2_FALL2019)


            TYPE    BASE      LENGTH    RELOCATION   SEGMENT NAME
            -----------------------------------------------------

            * * * * * * *   D A T A   M E M O R Y   * * * * * * *
            REG     0000H     0008H     ABSOLUTE     "REG BANK 0"
                    0008H     0018H                  *** GAP ***
            BIT     0020H.0   0001H.1   UNIT         _BIT_GROUP_
                    0021H.1   0000H.7                *** GAP ***
            DATA    0022H     0035H     UNIT         _DATA_GROUP_
            IDATA   0057H     0001H     UNIT         ?STACK

            * * * * * * *  X D A T A   M E M O R Y  * * * * * * *
            XDATA   0000H     0200H     UNIT         ?XD?EXP_2_FALL2019

            * * * * * * *   C O D E   M E M O R Y   * * * * * * *
BL51 BANKED LINKER/LOCATER V4.02                                                      10/11/2019  21:49:13  PAGE 2


            CODE    0000H     0003H     ABSOLUTE     
            CODE    0003H     035CH     UNIT         ?PR?PRINTF?PRINTF
            CODE    035FH     01FFH     UNIT         ?C?LIB_CODE
            CODE    055EH     01FDH     UNIT         ?PR?SD_CARD_INIT?SD_CARD
            CODE    075BH     0161H     UNIT         ?CO?SD_CARD
            CODE    08BCH     0120H     UNIT         ?PR?_SEND_BASIC_INIT_CMD?SD_CARD
            CODE    09DCH     0110H     UNIT         ?PR?MAIN?EXP_2_FALL2019
            CODE    0AECH     00F2H     UNIT         ?PR?_READ_BLOCK?SD_CARD
            CODE    0BDEH     00DEH     UNIT         ?PR?_ATOL?ATOL
            CODE    0CBCH     00D1H     UNIT         ?PR?LONG_SERIAL_INPUT?LONG_SERIAL_IN
            CODE    0D8DH     00B0H     UNIT         ?PR?_RECEIVE_RESPONSE?SD_CARD
            CODE    0E3DH     00ACH     UNIT         ?CO?EXP_2_FALL2019
            CODE    0EE9H     0098H     UNIT         ?PR?_WRITE_PORT_BIT?OUTPUTS
            CODE    0F81H     0085H     UNIT         ?PR?_LCD_PRINT?LCD_ROUTINES
            CODE    1006H     0081H     UNIT         ?PR?_SEND_COMMAND?SD_CARD
            CODE    1087H     0078H     UNIT         ?PR?_PRINT_16BYTES?PRINT_BYTES
            CODE    10FFH     0062H     UNIT         ?PR?_UART_INIT?UART
            CODE    1161H     005FH     UNIT         ?PR?_PRINT_MEMORY?PRINT_BYTES
            CODE    11C0H     004EH     UNIT         ?PR?_SPI_MASTER_INIT?SPI
            CODE    120EH     0045H     UNIT         ?CO?PRINT_BYTES
            CODE    1253H     0038H     UNIT         ?PR?LCD_INIT?LCD_ROUTINES
            CODE    128BH     0033H     UNIT         ?PR?_SPI_TRANSFER?SPI
            CODE    12BEH     002AH     UNIT         ?PR?_LCD_WRITE?LCD_HARDWARE_FUNCTIONS
            CODE    12E8H     0027H     UNIT         ?PR?PUTCHAR?PUTCHAR
            CODE    130FH     0026H     UNIT         ?PR?_TIMER0_DELAY_1MS?TIMER0_HARDWARE_DELAY_1MS
            CODE    1335H     0013H     UNIT         ?PR?_ISSPACE?ISSPACE
            CODE    1348H     000FH     UNIT         ?PR?_ISDIGIT?ISDIGIT
            CODE    1357H     000CH     UNIT         ?C_C51STARTUP
            CODE    1363H     0009H     UNIT         ?PR?_LED_ON?LED_OUTPUTS
            CODE    136CH     0009H     UNIT         ?PR?_LED_OFF?LED_OUTPUTS
            CODE    1375H     0008H     UNIT         ?PR?_UART_TRANSMIT?UART
            CODE    137DH     0008H     UNIT         ?PR?UART_RECEIVE?UART
            CODE    1385H     0005H     UNIT         ?PR?_CLEAR_LCD_BIT?LCD_HARDWARE_FUNCTIONS
            CODE    138AH     0004H     UNIT         ?PR?_SET_LCD_BIT?LCD_HARDWARE_FUNCTIONS
            CODE    138EH     0003H     UNIT         ?PR?_OUTPUT_LCD_DATA?LCD_HARDWARE_FUNCTIONS



OVERLAY MAP OF MODULE:   exp2 (EXP_2_FALL2019)


SEGMENT                                                    BIT_GROUP          DATA_GROUP 
  +--> CALLED SEGMENT                                   START    LENGTH     START    LENGTH
-------------------------------------------------------------------------------------------
?C_C51STARTUP                                           -----    -----      -----    -----
  +--> ?PR?MAIN?EXP_2_FALL2019

?PR?MAIN?EXP_2_FALL2019                                 -----    -----      0022H    0005H
  +--> ?PR?_LED_ON?LED_OUTPUTS
  +--> ?PR?_LED_OFF?LED_OUTPUTS
  +--> ?PR?_TIMER0_DELAY_1MS?TIMER0_HARDWARE_DELAY_1MS
  +--> ?PR?_UART_INIT?UART
  +--> ?PR?LCD_INIT?LCD_ROUTINES
  +--> ?PR?_SPI_MASTER_INIT?SPI
  +--> ?CO?EXP_2_FALL2019
  +--> ?PR?PRINTF?PRINTF
  +--> ?PR?SD_CARD_INIT?SD_CARD
BL51 BANKED LINKER/LOCATER V4.02                                                      10/11/2019  21:49:13  PAGE 3


  +--> ?PR?_LCD_PRINT?LCD_ROUTINES
  +--> ?PR?LONG_SERIAL_INPUT?LONG_SERIAL_IN
  +--> ?PR?_READ_BLOCK?SD_CARD
  +--> ?PR?_PRINT_MEMORY?PRINT_BYTES

?PR?_LED_ON?LED_OUTPUTS                                 -----    -----      -----    -----
  +--> ?PR?_WRITE_PORT_BIT?OUTPUTS

?PR?_LED_OFF?LED_OUTPUTS                                -----    -----      -----    -----
  +--> ?PR?_WRITE_PORT_BIT?OUTPUTS

?PR?_UART_INIT?UART                                     -----    -----      0027H    0002H

?PR?LCD_INIT?LCD_ROUTINES                               -----    -----      -----    -----
  +--> ?PR?_LCD_WRITE?LCD_HARDWARE_FUNCTIONS
  +--> ?PR?_TIMER0_DELAY_1MS?TIMER0_HARDWARE_DELAY_1MS

?PR?_LCD_WRITE?LCD_HARDWARE_FUNCTIONS                   -----    -----      002DH    0001H
  +--> ?PR?_CLEAR_LCD_BIT?LCD_HARDWARE_FUNCTIONS
  +--> ?PR?_SET_LCD_BIT?LCD_HARDWARE_FUNCTIONS
  +--> ?PR?_OUTPUT_LCD_DATA?LCD_HARDWARE_FUNCTIONS

?PR?PRINTF?PRINTF                                       0020H.0  0001H.1    0043H    0014H
  +--> ?PR?PUTCHAR?PUTCHAR

?PR?SD_CARD_INIT?SD_CARD                                -----    -----      0027H    000DH
  +--> ?CO?SD_CARD
  +--> ?PR?PRINTF?PRINTF
  +--> ?PR?_WRITE_PORT_BIT?OUTPUTS
  +--> ?PR?_SPI_TRANSFER?SPI
  +--> ?PR?_SEND_BASIC_INIT_CMD?SD_CARD

?PR?_SEND_BASIC_INIT_CMD?SD_CARD                        -----    -----      0037H    000CH
  +--> ?CO?SD_CARD
  +--> ?PR?PRINTF?PRINTF
  +--> ?PR?_WRITE_PORT_BIT?OUTPUTS
  +--> ?PR?_SEND_COMMAND?SD_CARD
  +--> ?PR?_RECEIVE_RESPONSE?SD_CARD

?PR?_SEND_COMMAND?SD_CARD                               -----    -----      0043H    000DH
  +--> ?PR?_SPI_TRANSFER?SPI

?PR?_RECEIVE_RESPONSE?SD_CARD                           -----    -----      0043H    000AH
  +--> ?PR?_SPI_TRANSFER?SPI

?PR?_LCD_PRINT?LCD_ROUTINES                             -----    -----      0027H    0006H
  +--> ?PR?_LCD_WRITE?LCD_HARDWARE_FUNCTIONS
  +--> ?PR?_TIMER0_DELAY_1MS?TIMER0_HARDWARE_DELAY_1MS

?PR?LONG_SERIAL_INPUT?LONG_SERIAL_IN                    -----    -----      0027H    0011H
  +--> ?PR?UART_RECEIVE?UART
  +--> ?PR?PUTCHAR?PUTCHAR
  +--> ?PR?_UART_TRANSMIT?UART
  +--> ?PR?_ATOL?ATOL

?PR?_ATOL?ATOL                                          0020H.0  0000H.1    0038H    0007H
  +--> ?PR?_ISSPACE?ISSPACE
BL51 BANKED LINKER/LOCATER V4.02                                                      10/11/2019  21:49:13  PAGE 4


  +--> ?PR?_ISDIGIT?ISDIGIT

?PR?_READ_BLOCK?SD_CARD                                 -----    -----      0027H    0010H
  +--> ?PR?_SEND_BASIC_INIT_CMD?SD_CARD
  +--> ?CO?SD_CARD
  +--> ?PR?PRINTF?PRINTF
  +--> ?PR?_SPI_TRANSFER?SPI
  +--> ?PR?_WRITE_PORT_BIT?OUTPUTS

?PR?_PRINT_MEMORY?PRINT_BYTES                           -----    -----      0027H    0008H
  +--> ?CO?PRINT_BYTES
  +--> ?PR?PRINTF?PRINTF
  +--> ?PR?_PRINT_16BYTES?PRINT_BYTES

?PR?_PRINT_16BYTES?PRINT_BYTES                          -----    -----      002FH    0005H
  +--> ?CO?PRINT_BYTES
  +--> ?PR?PRINTF?PRINTF
  +--> ?PR?_UART_TRANSMIT?UART



SYMBOL TABLE OF MODULE:  exp2 (EXP_2_FALL2019)

  VALUE           TYPE          NAME
  ----------------------------------

  -------         MODULE        EXP_2_FALL2019
  C:0000H         SYMBOL        _ICE_DUMMY_
  B:00D8H.2       PUBLIC        CCF2
  B:00D8H.3       PUBLIC        CCF3
  D:0080H         PUBLIC        P0
  B:00D8H.4       PUBLIC        CCF4
  D:0090H         PUBLIC        P1
  D:00A0H         PUBLIC        P2
  D:00B0H         PUBLIC        P3
  B:00B0H.4       PUBLIC        T0
  B:00D0H.6       PUBLIC        AC
  B:00B0H.5       PUBLIC        T1
  B:00B0H.7       PUBLIC        nRD
  B:0090H.0       PUBLIC        T2
  B:00A8H.7       PUBLIC        EA
  B:00A8H.6       PUBLIC        EC
  B:00D8H.7       PUBLIC        CF
  X:0000H         PUBLIC        block_data
  B:00B0H.2       PUBLIC        nINT0
  B:0098H.7       PUBLIC        FE
  B:00B0H.3       PUBLIC        nINT1
  D:00A8H         PUBLIC        IEN0
  B:00B0H.0       PUBLIC        RxD
  B:0090H.0       PUBLIC        P1_0
  B:00B0H.1       PUBLIC        TxD
  B:0090H.3       PUBLIC        CEX0
  B:0090H.1       PUBLIC        P1_1
  B:0090H.4       PUBLIC        CEX1
  B:0090H.2       PUBLIC        P1_2
  B:00C8H.0       PUBLIC        CP
  B:0090H.3       PUBLIC        P1_3
BL51 BANKED LINKER/LOCATER V4.02                                                      10/11/2019  21:49:13  PAGE 5


  B:00B0H.2       PUBLIC        P3_2
  B:0090H.4       PUBLIC        P1_4
  B:00D8H.6       PUBLIC        CR
  B:00B0H.3       PUBLIC        P3_3
  B:0090H.5       PUBLIC        P1_5
  B:00C8H.6       PUBLIC        EXF2
  D:00B8H         PUBLIC        IPL0
  B:00B0H.4       PUBLIC        P3_4
  B:0090H.6       PUBLIC        P1_6
  B:00B0H.5       PUBLIC        P3_5
  B:0090H.7       PUBLIC        P1_7
  B:00B0H.6       PUBLIC        nWR
  B:00A8H.4       PUBLIC        ES
  B:0098H.0       PUBLIC        RI
  B:00D0H.7       PUBLIC        CY
  B:0098H.1       PUBLIC        TI
  D:008FH         PUBLIC        CKCON0
  B:00B8H.1       PUBLIC        PT0L
  B:00B8H.3       PUBLIC        PT1L
  B:00B8H.5       PUBLIC        PT2L
  B:0090H.1       PUBLIC        T2EX
  D:00D8H         PUBLIC        CCON
  B:00B0H.6       PUBLIC        RS
  B:00B8H.0       PUBLIC        PX0L
  B:00D0H.2       PUBLIC        OV
  B:0090H.1       PUBLIC        SS
  B:00B8H.2       PUBLIC        PX1L
  C:09DCH         PUBLIC        main
  B:00C8H.5       PUBLIC        RCLK
  B:00C8H.4       PUBLIC        TCLK
  B:00B8H.6       PUBLIC        PPCL
  B:00A0H.4       PUBLIC        REDLED
  D:0098H         PUBLIC        SCON
  B:00A0H.5       PUBLIC        YELLOWLED
  B:0080H.0       PUBLIC        AD0
  D:0088H         PUBLIC        TCON
  B:0080H.1       PUBLIC        AD1
  B:0080H.2       PUBLIC        AD2
  B:00B0H.1       PUBLIC        per_RxD
  B:00C8H.1       PUBLIC        CnT2
  B:0080H.3       PUBLIC        AD3
  B:0090H.5       PUBLIC        MISO
  B:0090H.7       PUBLIC        MOSI
  B:0080H.4       PUBLIC        AD4
  B:00B0H.0       PUBLIC        per_TxD
  B:0080H.5       PUBLIC        AD5
  B:0080H.6       PUBLIC        AD6
  B:0080H.7       PUBLIC        AD7
  B:00A0H.0       PUBLIC        AD8
  B:00A0H.1       PUBLIC        AD9
  B:0088H.1       PUBLIC        IE0
  B:00A0H.6       PUBLIC        AMBERLED
  B:0088H.3       PUBLIC        IE1
  D:008EH         PUBLIC        AUXR
  B:00B0H.7       PUBLIC        E
  B:00A0H.7       PUBLIC        GREENLED
  B:00A8H.1       PUBLIC        ET0
BL51 BANKED LINKER/LOCATER V4.02                                                      10/11/2019  21:49:13  PAGE 6


  B:00A8H.3       PUBLIC        ET1
  B:0088H.5       PUBLIC        TF0
  B:00A8H.5       PUBLIC        ET2
  B:0088H.7       PUBLIC        TF1
  B:00C8H.7       PUBLIC        TF2
  B:0098H.2       PUBLIC        RB8
  B:00A8H.0       PUBLIC        EX0
  B:0088H.0       PUBLIC        IT0
  B:0098H.3       PUBLIC        TB8
  B:00A8H.2       PUBLIC        EX1
  B:0088H.2       PUBLIC        IT1
  B:00D0H.0       PUBLIC        P
  B:0098H.7       PUBLIC        SM0
  B:0090H.2       PUBLIC        ECI
  B:0098H.6       PUBLIC        SM1
  B:0098H.5       PUBLIC        SM2
  B:00D0H.3       PUBLIC        RS0
  B:0088H.4       PUBLIC        TR0
  B:00D0H.4       PUBLIC        RS1
  B:0088H.6       PUBLIC        TR1
  B:00C8H.2       PUBLIC        TR2
  B:00A0H.0       PUBLIC        SW1
  B:00A0H.1       PUBLIC        SW2
  B:00A0H.2       PUBLIC        SW3
  B:00A0H.3       PUBLIC        SW4
  B:0090H.6       PUBLIC        SCK
  B:00C8H.3       PUBLIC        EXEN2
  B:0098H.4       PUBLIC        REN
  B:00A0H.2       PUBLIC        AD10
  B:00A0H.3       PUBLIC        AD11
  D:00C8H         PUBLIC        T2CON
  B:00A0H.4       PUBLIC        AD12
  B:00A0H.5       PUBLIC        AD13
  B:00A0H.6       PUBLIC        AD14
  B:00A0H.7       PUBLIC        AD15
  B:00B8H.4       PUBLIC        PLS
  B:00D0H.5       PUBLIC        F0
  B:00D0H.1       PUBLIC        F1
  D:00D0H         PUBLIC        PSW
  B:00D8H.0       PUBLIC        CCF0
  B:00D8H.1       PUBLIC        CCF1
  -------         PROC          MAIN
  -------         DO            MAIN
  D:0022H         SYMBOL        error_flag
  -------         DO            error_flag
  D:0023H         SYMBOL        block_address
  -------         ENDDO         block_address
  -------         ENDDO         block_address
  C:09DCH         LINE#         16
  C:09DCH         LINE#         17
  C:09DCH         LINE#         19
  C:09E1H         LINE#         20
  C:09E6H         LINE#         21
  C:09EBH         LINE#         22
  C:09F0H         LINE#         24
  C:09F3H         LINE#         25
  C:09F3H         LINE#         26
BL51 BANKED LINKER/LOCATER V4.02                                                      10/11/2019  21:49:13  PAGE 7


  C:09F3H         LINE#         27
  C:09F3H         LINE#         28
  C:09F3H         LINE#         29
  C:09F3H         LINE#         30
  C:09F3H         LINE#         31
  C:09F6H         LINE#         32
  C:09F6H         LINE#         33
  C:09FDH         LINE#         35
  C:0A04H         LINE#         36
  C:0A07H         LINE#         37
  C:0A14H         LINE#         38
  C:0A23H         LINE#         40
  C:0A28H         LINE#         41
  C:0A2EH         LINE#         42
  C:0A2EH         LINE#         43
  C:0A37H         LINE#         44
  C:0A44H         LINE#         45
  C:0A46H         LINE#         47
  C:0A46H         LINE#         48
  C:0A4FH         LINE#         49
  C:0A5CH         LINE#         50
  C:0A61H         LINE#         51
  C:0A61H         LINE#         54
  C:0A6EH         LINE#         55
  C:0A7DH         LINE#         57
  C:0A82H         LINE#         59
  C:0A82H         LINE#         60
  C:0A82H         LINE#         63
  C:0A8BH         LINE#         64
  C:0A96H         LINE#         67
  C:0AA7H         LINE#         68
  C:0AACH         LINE#         69
  C:0AC8H         LINE#         70
  C:0ACDH         LINE#         71
  C:0AD2H         LINE#         72
  C:0AD2H         LINE#         73
  C:0ADFH         LINE#         74
  C:0AE1H         LINE#         76
  C:0AE1H         LINE#         77
  C:0AEAH         LINE#         78
  C:0AEAH         LINE#         80
  -------         ENDPROC       MAIN
  -------         ENDMOD        EXP_2_FALL2019

  -------         MODULE        LCD_HARDWARE_FUNCTIONS
  C:0000H         SYMBOL        _ICE_DUMMY_
  B:00D8H.2       PUBLIC        CCF2
  B:00D8H.3       PUBLIC        CCF3
  D:0080H         PUBLIC        P0
  B:00D8H.4       PUBLIC        CCF4
  D:0090H         PUBLIC        P1
  D:00A0H         PUBLIC        P2
  D:00B0H         PUBLIC        P3
  B:00B0H.4       PUBLIC        T0
  B:00D0H.6       PUBLIC        AC
  B:00B0H.5       PUBLIC        T1
  B:00B0H.7       PUBLIC        nRD
BL51 BANKED LINKER/LOCATER V4.02                                                      10/11/2019  21:49:13  PAGE 8


  B:0090H.0       PUBLIC        T2
  B:00A8H.7       PUBLIC        EA
  B:00A8H.6       PUBLIC        EC
  B:00D8H.7       PUBLIC        CF
  B:00B0H.2       PUBLIC        nINT0
  B:0098H.7       PUBLIC        FE
  B:00B0H.3       PUBLIC        nINT1
  D:00A8H         PUBLIC        IEN0
  B:00B0H.0       PUBLIC        RxD
  B:0090H.0       PUBLIC        P1_0
  B:00B0H.1       PUBLIC        TxD
  B:0090H.3       PUBLIC        CEX0
  B:0090H.1       PUBLIC        P1_1
  B:0090H.4       PUBLIC        CEX1
  B:0090H.2       PUBLIC        P1_2
  B:00C8H.0       PUBLIC        CP
  B:0090H.3       PUBLIC        P1_3
  B:00B0H.2       PUBLIC        P3_2
  B:0090H.4       PUBLIC        P1_4
  B:00D8H.6       PUBLIC        CR
  B:00B0H.3       PUBLIC        P3_3
  B:0090H.5       PUBLIC        P1_5
  B:00C8H.6       PUBLIC        EXF2
  D:00B8H         PUBLIC        IPL0
  B:00B0H.4       PUBLIC        P3_4
  B:0090H.6       PUBLIC        P1_6
  B:00B0H.5       PUBLIC        P3_5
  B:0090H.7       PUBLIC        P1_7
  B:00B0H.6       PUBLIC        nWR
  B:00A8H.4       PUBLIC        ES
  B:0098H.0       PUBLIC        RI
  B:00D0H.7       PUBLIC        CY
  B:0098H.1       PUBLIC        TI
  C:1385H         PUBLIC        _Clear_LCD_bit
  B:00B8H.1       PUBLIC        PT0L
  C:12BEH         PUBLIC        _LCD_Write
  B:00B8H.3       PUBLIC        PT1L
  B:00B8H.5       PUBLIC        PT2L
  B:0090H.1       PUBLIC        T2EX
  D:00D8H         PUBLIC        CCON
  B:00B0H.6       PUBLIC        RS
  B:00B8H.0       PUBLIC        PX0L
  B:00D0H.2       PUBLIC        OV
  C:138EH         PUBLIC        _Output_LCD_data
  B:0090H.1       PUBLIC        SS
  B:00B8H.2       PUBLIC        PX1L
  B:00C8H.5       PUBLIC        RCLK
  B:00C8H.4       PUBLIC        TCLK
  B:00B8H.6       PUBLIC        PPCL
  B:00A0H.4       PUBLIC        REDLED
  D:0098H         PUBLIC        SCON
  B:00A0H.5       PUBLIC        YELLOWLED
  B:0080H.0       PUBLIC        AD0
  D:0088H         PUBLIC        TCON
  B:0080H.1       PUBLIC        AD1
  B:0080H.2       PUBLIC        AD2
  B:00B0H.1       PUBLIC        per_RxD
BL51 BANKED LINKER/LOCATER V4.02                                                      10/11/2019  21:49:13  PAGE 9


  B:00C8H.1       PUBLIC        CnT2
  B:0080H.3       PUBLIC        AD3
  B:0090H.5       PUBLIC        MISO
  B:0090H.7       PUBLIC        MOSI
  B:0080H.4       PUBLIC        AD4
  B:00B0H.0       PUBLIC        per_TxD
  B:0080H.5       PUBLIC        AD5
  B:0080H.6       PUBLIC        AD6
  B:0080H.7       PUBLIC        AD7
  B:00A0H.0       PUBLIC        AD8
  B:00A0H.1       PUBLIC        AD9
  B:0088H.1       PUBLIC        IE0
  B:00A0H.6       PUBLIC        AMBERLED
  B:0088H.3       PUBLIC        IE1
  B:00B0H.7       PUBLIC        E
  B:00A0H.7       PUBLIC        GREENLED
  B:00A8H.1       PUBLIC        ET0
  B:00A8H.3       PUBLIC        ET1
  B:0088H.5       PUBLIC        TF0
  B:00A8H.5       PUBLIC        ET2
  B:0088H.7       PUBLIC        TF1
  B:00C8H.7       PUBLIC        TF2
  B:0098H.2       PUBLIC        RB8
  B:00A8H.0       PUBLIC        EX0
  B:0088H.0       PUBLIC        IT0
  B:0098H.3       PUBLIC        TB8
  B:00A8H.2       PUBLIC        EX1
  B:0088H.2       PUBLIC        IT1
  B:00D0H.0       PUBLIC        P
  B:0098H.7       PUBLIC        SM0
  B:0090H.2       PUBLIC        ECI
  B:0098H.6       PUBLIC        SM1
  B:0098H.5       PUBLIC        SM2
  B:00D0H.3       PUBLIC        RS0
  B:0088H.4       PUBLIC        TR0
  B:00D0H.4       PUBLIC        RS1
  B:0088H.6       PUBLIC        TR1
  B:00C8H.2       PUBLIC        TR2
  B:00A0H.0       PUBLIC        SW1
  B:00A0H.1       PUBLIC        SW2
  B:00A0H.2       PUBLIC        SW3
  B:00A0H.3       PUBLIC        SW4
  B:0090H.6       PUBLIC        SCK
  C:138AH         PUBLIC        _Set_LCD_bit
  B:00C8H.3       PUBLIC        EXEN2
  B:0098H.4       PUBLIC        REN
  B:00A0H.2       PUBLIC        AD10
  B:00A0H.3       PUBLIC        AD11
  D:00C8H         PUBLIC        T2CON
  B:00A0H.4       PUBLIC        AD12
  B:00A0H.5       PUBLIC        AD13
  B:00A0H.6       PUBLIC        AD14
  B:00A0H.7       PUBLIC        AD15
  B:00B8H.4       PUBLIC        PLS
  B:00D0H.5       PUBLIC        F0
  B:00D0H.1       PUBLIC        F1
  D:00D0H         PUBLIC        PSW
BL51 BANKED LINKER/LOCATER V4.02                                                      10/11/2019  21:49:13  PAGE 10


  B:00D8H.0       PUBLIC        CCF0
  B:00D8H.1       PUBLIC        CCF1
  -------         PROC          _LCD_WRITE
  D:0007H         SYMBOL        RegSelect
  D:002DH         SYMBOL        LCD_Data
  C:12BEH         LINE#         20
  C:12C0H         LINE#         21
  C:12C0H         LINE#         22
  C:12C3H         LINE#         23
  C:12C3H         LINE#         24
  C:12C8H         LINE#         25
  C:12CAH         LINE#         27
  C:12CAH         LINE#         28
  C:12CFH         LINE#         29
  C:12CFH         LINE#         30
  C:12D4H         LINE#         31
  C:12D9H         LINE#         32
  C:12DEH         LINE#         33
  C:12E3H         LINE#         34
  -------         ENDPROC       _LCD_WRITE
  -------         PROC          _OUTPUT_LCD_DATA
  D:0007H         SYMBOL        Port_Data
  C:138EH         LINE#         48
  C:138EH         LINE#         49
  C:138EH         LINE#         50
  C:1390H         LINE#         51
  -------         ENDPROC       _OUTPUT_LCD_DATA
  -------         PROC          _CLEAR_LCD_BIT
  D:0007H         SYMBOL        Bit_Data
  C:1385H         LINE#         61
  C:1385H         LINE#         62
  C:1385H         LINE#         63
  C:1389H         LINE#         64
  -------         ENDPROC       _CLEAR_LCD_BIT
  -------         PROC          _SET_LCD_BIT
  D:0007H         SYMBOL        Bit_Data
  C:138AH         LINE#         74
  C:138AH         LINE#         75
  C:138AH         LINE#         76
  C:138DH         LINE#         77
  -------         ENDPROC       _SET_LCD_BIT
  -------         ENDMOD        LCD_HARDWARE_FUNCTIONS

  -------         MODULE        LCD_ROUTINES
  C:0000H         SYMBOL        _ICE_DUMMY_
  B:00D8H.2       PUBLIC        CCF2
  B:00D8H.3       PUBLIC        CCF3
  D:0080H         PUBLIC        P0
  B:00D8H.4       PUBLIC        CCF4
  D:0090H         PUBLIC        P1
  D:00A0H         PUBLIC        P2
  D:00B0H         PUBLIC        P3
  B:00B0H.4       PUBLIC        T0
  B:00D0H.6       PUBLIC        AC
  B:00B0H.5       PUBLIC        T1
  B:00B0H.7       PUBLIC        nRD
  B:0090H.0       PUBLIC        T2
BL51 BANKED LINKER/LOCATER V4.02                                                      10/11/2019  21:49:13  PAGE 11


  B:00A8H.7       PUBLIC        EA
  B:00A8H.6       PUBLIC        EC
  B:00D8H.7       PUBLIC        CF
  B:00B0H.2       PUBLIC        nINT0
  B:0098H.7       PUBLIC        FE
  B:00B0H.3       PUBLIC        nINT1
  D:00A8H         PUBLIC        IEN0
  B:00B0H.0       PUBLIC        RxD
  B:00B0H.1       PUBLIC        TxD
  B:0090H.3       PUBLIC        CEX0
  B:0090H.4       PUBLIC        CEX1
  B:00C8H.0       PUBLIC        CP
  B:00D8H.6       PUBLIC        CR
  B:00C8H.6       PUBLIC        EXF2
  D:00B8H         PUBLIC        IPL0
  B:00B0H.6       PUBLIC        nWR
  B:00A8H.4       PUBLIC        ES
  B:0098H.0       PUBLIC        RI
  B:00D0H.7       PUBLIC        CY
  B:0098H.1       PUBLIC        TI
  B:00B8H.1       PUBLIC        PT0L
  B:00B8H.3       PUBLIC        PT1L
  B:00B8H.5       PUBLIC        PT2L
  B:0090H.1       PUBLIC        T2EX
  D:00D8H         PUBLIC        CCON
  B:00B8H.0       PUBLIC        PX0L
  B:00D0H.2       PUBLIC        OV
  B:0090H.1       PUBLIC        SS
  B:00B8H.2       PUBLIC        PX1L
  B:00C8H.5       PUBLIC        RCLK
  B:00C8H.4       PUBLIC        TCLK
  B:00B8H.6       PUBLIC        PPCL
  D:0098H         PUBLIC        SCON
  B:0080H.0       PUBLIC        AD0
  D:0088H         PUBLIC        TCON
  B:0080H.1       PUBLIC        AD1
  B:0080H.2       PUBLIC        AD2
  B:00C8H.1       PUBLIC        CnT2
  B:0080H.3       PUBLIC        AD3
  B:0090H.5       PUBLIC        MISO
  B:0090H.7       PUBLIC        MOSI
  B:0080H.4       PUBLIC        AD4
  B:0080H.5       PUBLIC        AD5
  B:0080H.6       PUBLIC        AD6
  B:0080H.7       PUBLIC        AD7
  B:00A0H.0       PUBLIC        AD8
  B:00A0H.1       PUBLIC        AD9
  B:0088H.1       PUBLIC        IE0
  B:0088H.3       PUBLIC        IE1
  C:0F81H         PUBLIC        _LCD_print
  B:00A8H.1       PUBLIC        ET0
  C:1253H         PUBLIC        LCD_Init
  B:00A8H.3       PUBLIC        ET1
  B:0088H.5       PUBLIC        TF0
  B:00A8H.5       PUBLIC        ET2
  B:0088H.7       PUBLIC        TF1
  B:00C8H.7       PUBLIC        TF2
BL51 BANKED LINKER/LOCATER V4.02                                                      10/11/2019  21:49:13  PAGE 12


  B:0098H.2       PUBLIC        RB8
  B:00A8H.0       PUBLIC        EX0
  B:0088H.0       PUBLIC        IT0
  B:0098H.3       PUBLIC        TB8
  B:00A8H.2       PUBLIC        EX1
  B:0088H.2       PUBLIC        IT1
  B:00D0H.0       PUBLIC        P
  B:0098H.7       PUBLIC        SM0
  B:0090H.2       PUBLIC        ECI
  B:0098H.6       PUBLIC        SM1
  B:0098H.5       PUBLIC        SM2
  B:00D0H.3       PUBLIC        RS0
  B:0088H.4       PUBLIC        TR0
  B:00D0H.4       PUBLIC        RS1
  B:0088H.6       PUBLIC        TR1
  B:00C8H.2       PUBLIC        TR2
  B:0090H.6       PUBLIC        SCK
  B:00C8H.3       PUBLIC        EXEN2
  B:0098H.4       PUBLIC        REN
  B:00A0H.2       PUBLIC        AD10
  B:00A0H.3       PUBLIC        AD11
  D:00C8H         PUBLIC        T2CON
  B:00A0H.4       PUBLIC        AD12
  B:00A0H.5       PUBLIC        AD13
  B:00A0H.6       PUBLIC        AD14
  B:00A0H.7       PUBLIC        AD15
  B:00B8H.4       PUBLIC        PLS
  B:00D0H.5       PUBLIC        F0
  B:00D0H.1       PUBLIC        F1
  D:00D0H         PUBLIC        PSW
  B:00D8H.0       PUBLIC        CCF0
  B:00D8H.1       PUBLIC        CCF1
  -------         PROC          LCD_INIT
  C:1253H         LINE#         14
  C:1253H         LINE#         15
  C:1253H         LINE#         16
  C:125AH         LINE#         17
  C:1261H         LINE#         18
  C:1268H         LINE#         19
  C:126FH         LINE#         20
  C:1276H         LINE#         21
  C:127DH         LINE#         22
  C:1284H         LINE#         23
  -------         ENDPROC       LCD_INIT
  -------         PROC          _LCD_PRINT
  D:0007H         SYMBOL        address
  D:0027H         SYMBOL        num_bytes
  D:0028H         SYMBOL        array_name_p
  -------         DO            array_name_p
  D:002BH         SYMBOL        index
  D:002CH         SYMBOL        character
  -------         ENDDO         character
  C:0F81H         LINE#         28
  C:0F89H         LINE#         29
  C:0F89H         LINE#         31
  C:0F8DH         LINE#         32
  C:0F8DH         LINE#         33
BL51 BANKED LINKER/LOCATER V4.02                                                      10/11/2019  21:49:13  PAGE 13


  C:0F96H         LINE#         34
  C:0F9DH         LINE#         35
  C:0F9DH         LINE#         36
  C:0FA1H         LINE#         37
  C:0FA1H         LINE#         38
  C:0FA3H         LINE#         39
  C:0FB3H         LINE#         40
  C:0FB7H         LINE#         41
  C:0FB7H         LINE#         42
  C:0FBDH         LINE#         43
  C:0FC4H         LINE#         44
  C:0FC6H         LINE#         45
  C:0FD7H         LINE#         46
  C:0FD9H         LINE#         47
  C:0FD9H         LINE#         49
  C:0FD9H         LINE#         50
  C:0FE3H         LINE#         51
  C:0FE3H         LINE#         52
  C:0FF4H         LINE#         53
  C:0FFAH         LINE#         54
  C:1001H         LINE#         55
  C:1005H         LINE#         56
  C:1005H         LINE#         57
  -------         ENDPROC       _LCD_PRINT
  -------         ENDMOD        LCD_ROUTINES

  -------         MODULE        LED_OUTPUTS
  C:0000H         SYMBOL        _ICE_DUMMY_
  B:00D8H.2       PUBLIC        CCF2
  B:00D8H.3       PUBLIC        CCF3
  D:0080H         PUBLIC        P0
  B:00D8H.4       PUBLIC        CCF4
  D:0090H         PUBLIC        P1
  D:00A0H         PUBLIC        P2
  D:00B0H         PUBLIC        P3
  B:00B0H.4       PUBLIC        T0
  B:00D0H.6       PUBLIC        AC
  B:00B0H.5       PUBLIC        T1
  B:00B0H.7       PUBLIC        nRD
  B:0090H.0       PUBLIC        T2
  B:00A8H.7       PUBLIC        EA
  B:00A8H.6       PUBLIC        EC
  B:00D8H.7       PUBLIC        CF
  B:00B0H.2       PUBLIC        nINT0
  B:0098H.7       PUBLIC        FE
  B:00B0H.3       PUBLIC        nINT1
  D:00A8H         PUBLIC        IEN0
  B:00B0H.0       PUBLIC        RxD
  B:0090H.0       PUBLIC        P1_0
  B:00B0H.1       PUBLIC        TxD
  B:0090H.3       PUBLIC        CEX0
  B:0090H.1       PUBLIC        P1_1
  B:0090H.4       PUBLIC        CEX1
  B:0090H.2       PUBLIC        P1_2
  B:00C8H.0       PUBLIC        CP
  B:0090H.3       PUBLIC        P1_3
  B:00B0H.2       PUBLIC        P3_2
BL51 BANKED LINKER/LOCATER V4.02                                                      10/11/2019  21:49:13  PAGE 14


  B:0090H.4       PUBLIC        P1_4
  B:00D8H.6       PUBLIC        CR
  B:00B0H.3       PUBLIC        P3_3
  B:0090H.5       PUBLIC        P1_5
  B:00C8H.6       PUBLIC        EXF2
  D:00B8H         PUBLIC        IPL0
  B:00B0H.4       PUBLIC        P3_4
  B:0090H.6       PUBLIC        P1_6
  B:00B0H.5       PUBLIC        P3_5
  B:0090H.7       PUBLIC        P1_7
  B:00B0H.6       PUBLIC        nWR
  B:00A8H.4       PUBLIC        ES
  B:0098H.0       PUBLIC        RI
  B:00D0H.7       PUBLIC        CY
  B:0098H.1       PUBLIC        TI
  B:00B8H.1       PUBLIC        PT0L
  B:00B8H.3       PUBLIC        PT1L
  B:00B8H.5       PUBLIC        PT2L
  B:0090H.1       PUBLIC        T2EX
  D:00D8H         PUBLIC        CCON
  B:00B0H.6       PUBLIC        RS
  B:00B8H.0       PUBLIC        PX0L
  B:00D0H.2       PUBLIC        OV
  B:0090H.1       PUBLIC        SS
  B:00B8H.2       PUBLIC        PX1L
  B:00C8H.5       PUBLIC        RCLK
  B:00C8H.4       PUBLIC        TCLK
  B:00B8H.6       PUBLIC        PPCL
  B:00A0H.4       PUBLIC        REDLED
  C:1363H         PUBLIC        _LED_ON
  D:0098H         PUBLIC        SCON
  B:00A0H.5       PUBLIC        YELLOWLED
  B:0080H.0       PUBLIC        AD0
  D:0088H         PUBLIC        TCON
  B:0080H.1       PUBLIC        AD1
  B:0080H.2       PUBLIC        AD2
  B:00B0H.1       PUBLIC        per_RxD
  B:00C8H.1       PUBLIC        CnT2
  B:0080H.3       PUBLIC        AD3
  B:0090H.5       PUBLIC        MISO
  B:0090H.7       PUBLIC        MOSI
  B:0080H.4       PUBLIC        AD4
  B:00B0H.0       PUBLIC        per_TxD
  B:0080H.5       PUBLIC        AD5
  B:0080H.6       PUBLIC        AD6
  B:0080H.7       PUBLIC        AD7
  B:00A0H.0       PUBLIC        AD8
  B:00A0H.1       PUBLIC        AD9
  B:0088H.1       PUBLIC        IE0
  B:00A0H.6       PUBLIC        AMBERLED
  B:0088H.3       PUBLIC        IE1
  B:00B0H.7       PUBLIC        E
  B:00A0H.7       PUBLIC        GREENLED
  B:00A8H.1       PUBLIC        ET0
  B:00A8H.3       PUBLIC        ET1
  B:0088H.5       PUBLIC        TF0
  B:00A8H.5       PUBLIC        ET2
BL51 BANKED LINKER/LOCATER V4.02                                                      10/11/2019  21:49:13  PAGE 15


  B:0088H.7       PUBLIC        TF1
  B:00C8H.7       PUBLIC        TF2
  B:0098H.2       PUBLIC        RB8
  B:00A8H.0       PUBLIC        EX0
  B:0088H.0       PUBLIC        IT0
  B:0098H.3       PUBLIC        TB8
  B:00A8H.2       PUBLIC        EX1
  B:0088H.2       PUBLIC        IT1
  B:00D0H.0       PUBLIC        P
  B:0098H.7       PUBLIC        SM0
  B:0090H.2       PUBLIC        ECI
  B:0098H.6       PUBLIC        SM1
  B:0098H.5       PUBLIC        SM2
  B:00D0H.3       PUBLIC        RS0
  B:0088H.4       PUBLIC        TR0
  B:00D0H.4       PUBLIC        RS1
  B:0088H.6       PUBLIC        TR1
  B:00C8H.2       PUBLIC        TR2
  B:00A0H.0       PUBLIC        SW1
  B:00A0H.1       PUBLIC        SW2
  B:00A0H.2       PUBLIC        SW3
  B:00A0H.3       PUBLIC        SW4
  B:0090H.6       PUBLIC        SCK
  B:00C8H.3       PUBLIC        EXEN2
  B:0098H.4       PUBLIC        REN
  B:00A0H.2       PUBLIC        AD10
  B:00A0H.3       PUBLIC        AD11
  D:00C8H         PUBLIC        T2CON
  B:00A0H.4       PUBLIC        AD12
  B:00A0H.5       PUBLIC        AD13
  B:00A0H.6       PUBLIC        AD14
  B:00A0H.7       PUBLIC        AD15
  B:00B8H.4       PUBLIC        PLS
  C:136CH         PUBLIC        _LED_OFF
  B:00D0H.5       PUBLIC        F0
  B:00D0H.1       PUBLIC        F1
  D:00D0H         PUBLIC        PSW
  B:00D8H.0       PUBLIC        CCF0
  B:00D8H.1       PUBLIC        CCF1
  -------         PROC          _LED_ON
  D:0005H         SYMBOL        pin
  C:1363H         LINE#         11
  C:1365H         LINE#         12
  C:1365H         LINE#         13
  -------         ENDPROC       _LED_ON
  -------         PROC          _LED_OFF
  D:0005H         SYMBOL        pin
  C:136CH         LINE#         16
  C:136EH         LINE#         17
  C:136EH         LINE#         18
  -------         ENDPROC       _LED_OFF
  -------         ENDMOD        LED_OUTPUTS

  -------         MODULE        LONG_SERIAL_IN
  C:0000H         SYMBOL        _ICE_DUMMY_
  B:00D8H.2       PUBLIC        CCF2
  B:00D8H.3       PUBLIC        CCF3
BL51 BANKED LINKER/LOCATER V4.02                                                      10/11/2019  21:49:13  PAGE 16


  D:0080H         PUBLIC        P0
  B:00D8H.4       PUBLIC        CCF4
  D:0090H         PUBLIC        P1
  D:00A0H         PUBLIC        P2
  D:00B0H         PUBLIC        P3
  B:00B0H.4       PUBLIC        T0
  B:00D0H.6       PUBLIC        AC
  B:00B0H.5       PUBLIC        T1
  B:00B0H.7       PUBLIC        nRD
  B:0090H.0       PUBLIC        T2
  B:00A8H.7       PUBLIC        EA
  B:00A8H.6       PUBLIC        EC
  B:00D8H.7       PUBLIC        CF
  B:00B0H.2       PUBLIC        nINT0
  B:0098H.7       PUBLIC        FE
  B:00B0H.3       PUBLIC        nINT1
  D:00A8H         PUBLIC        IEN0
  B:00B0H.0       PUBLIC        RxD
  B:00B0H.1       PUBLIC        TxD
  B:0090H.3       PUBLIC        CEX0
  B:0090H.4       PUBLIC        CEX1
  B:00C8H.0       PUBLIC        CP
  B:00D8H.6       PUBLIC        CR
  B:00C8H.6       PUBLIC        EXF2
  D:00B8H         PUBLIC        IPL0
  B:00B0H.6       PUBLIC        nWR
  B:00A8H.4       PUBLIC        ES
  B:0098H.0       PUBLIC        RI
  B:00D0H.7       PUBLIC        CY
  B:0098H.1       PUBLIC        TI
  B:00B8H.1       PUBLIC        PT0L
  B:00B8H.3       PUBLIC        PT1L
  B:00B8H.5       PUBLIC        PT2L
  B:0090H.1       PUBLIC        T2EX
  D:00D8H         PUBLIC        CCON
  B:00B8H.0       PUBLIC        PX0L
  B:00D0H.2       PUBLIC        OV
  B:0090H.1       PUBLIC        SS
  B:00B8H.2       PUBLIC        PX1L
  C:0CBCH         PUBLIC        long_serial_input
  B:00C8H.5       PUBLIC        RCLK
  B:00C8H.4       PUBLIC        TCLK
  B:00B8H.6       PUBLIC        PPCL
  D:0098H         PUBLIC        SCON
  B:0080H.0       PUBLIC        AD0
  D:0088H         PUBLIC        TCON
  B:0080H.1       PUBLIC        AD1
  B:0080H.2       PUBLIC        AD2
  B:00C8H.1       PUBLIC        CnT2
  B:0080H.3       PUBLIC        AD3
  B:0090H.5       PUBLIC        MISO
  B:0090H.7       PUBLIC        MOSI
  B:0080H.4       PUBLIC        AD4
  B:0080H.5       PUBLIC        AD5
  B:0080H.6       PUBLIC        AD6
  B:0080H.7       PUBLIC        AD7
  B:00A0H.0       PUBLIC        AD8
BL51 BANKED LINKER/LOCATER V4.02                                                      10/11/2019  21:49:13  PAGE 17


  B:00A0H.1       PUBLIC        AD9
  B:0088H.1       PUBLIC        IE0
  B:0088H.3       PUBLIC        IE1
  B:00A8H.1       PUBLIC        ET0
  B:00A8H.3       PUBLIC        ET1
  B:0088H.5       PUBLIC        TF0
  B:00A8H.5       PUBLIC        ET2
  B:0088H.7       PUBLIC        TF1
  B:00C8H.7       PUBLIC        TF2
  B:0098H.2       PUBLIC        RB8
  B:00A8H.0       PUBLIC        EX0
  B:0088H.0       PUBLIC        IT0
  B:0098H.3       PUBLIC        TB8
  B:00A8H.2       PUBLIC        EX1
  B:0088H.2       PUBLIC        IT1
  B:00D0H.0       PUBLIC        P
  B:0098H.7       PUBLIC        SM0
  B:0090H.2       PUBLIC        ECI
  B:0098H.6       PUBLIC        SM1
  B:0098H.5       PUBLIC        SM2
  B:00D0H.3       PUBLIC        RS0
  B:0088H.4       PUBLIC        TR0
  B:00D0H.4       PUBLIC        RS1
  B:0088H.6       PUBLIC        TR1
  B:00C8H.2       PUBLIC        TR2
  B:0090H.6       PUBLIC        SCK
  B:00C8H.3       PUBLIC        EXEN2
  B:0098H.4       PUBLIC        REN
  B:00A0H.2       PUBLIC        AD10
  B:00A0H.3       PUBLIC        AD11
  D:00C8H         PUBLIC        T2CON
  B:00A0H.4       PUBLIC        AD12
  B:00A0H.5       PUBLIC        AD13
  B:00A0H.6       PUBLIC        AD14
  B:00A0H.7       PUBLIC        AD15
  B:00B8H.4       PUBLIC        PLS
  B:00D0H.5       PUBLIC        F0
  B:00D0H.1       PUBLIC        F1
  D:00D0H         PUBLIC        PSW
  B:00D8H.0       PUBLIC        CCF0
  B:00D8H.1       PUBLIC        CCF1
  -------         PROC          LONG_SERIAL_INPUT
  -------         DO            LONG_SERIAL_INPUT
  D:0027H         SYMBOL        index
  D:0028H         SYMBOL        input
  D:0029H         SYMBOL        input_values
  D:0034H         SYMBOL        output_value
  -------         ENDDO         output_value
  C:0CBCH         LINE#         16
  C:0CBCH         LINE#         17
  C:0CBCH         LINE#         20
  C:0CBFH         LINE#         21
  C:0CBFH         LINE#         22
  C:0CC6H         LINE#         23
  C:0CCDH         LINE#         24
  C:0CD7H         LINE#         25
  C:0CDAH         LINE#         27
BL51 BANKED LINKER/LOCATER V4.02                                                      10/11/2019  21:49:13  PAGE 18


  C:0CDAH         LINE#         28
  C:0CDFH         LINE#         29
  C:0CEDH         LINE#         30
  C:0CEDH         LINE#         31
  C:0CF4H         LINE#         32
  C:0CF6H         LINE#         33
  C:0CFBH         LINE#         34
  C:0CFDH         LINE#         35
  C:0D08H         LINE#         36
  C:0D08H         LINE#         37
  C:0D0AH         LINE#         38
  C:0D11H         LINE#         39
  C:0D16H         LINE#         40
  C:0D1BH         LINE#         41
  C:0D20H         LINE#         42
  C:0D22H         LINE#         43
  C:0D2DH         LINE#         44
  C:0D2DH         LINE#         45
  C:0D3EH         LINE#         46
  C:0D43H         LINE#         47
  C:0D48H         LINE#         48
  C:0D4AH         LINE#         50
  C:0D4AH         LINE#         51
  C:0D4DH         LINE#         52
  C:0D4DH         LINE#         53
  C:0D52H         LINE#         54
  C:0D52H         LINE#         55
  C:0D63H         LINE#         56
  C:0D68H         LINE#         57
  C:0D6DH         LINE#         58
  C:0D6DH         LINE#         59
  C:0D84H         LINE#         61
  C:0D8CH         LINE#         62
  -------         ENDPROC       LONG_SERIAL_INPUT
  -------         ENDMOD        LONG_SERIAL_IN

  -------         MODULE        PRINT_BYTES
  C:0000H         SYMBOL        _ICE_DUMMY_
  B:00D8H.2       PUBLIC        CCF2
  B:00D8H.3       PUBLIC        CCF3
  D:0080H         PUBLIC        P0
  B:00D8H.4       PUBLIC        CCF4
  D:0090H         PUBLIC        P1
  D:00A0H         PUBLIC        P2
  C:1087H         PUBLIC        _print_16bytes
  D:00B0H         PUBLIC        P3
  B:00B0H.4       PUBLIC        T0
  B:00D0H.6       PUBLIC        AC
  B:00B0H.5       PUBLIC        T1
  B:00B0H.7       PUBLIC        nRD
  B:0090H.0       PUBLIC        T2
  B:00A8H.7       PUBLIC        EA
  B:00A8H.6       PUBLIC        EC
  B:00D8H.7       PUBLIC        CF
  B:00B0H.2       PUBLIC        nINT0
  B:0098H.7       PUBLIC        FE
  B:00B0H.3       PUBLIC        nINT1
BL51 BANKED LINKER/LOCATER V4.02                                                      10/11/2019  21:49:13  PAGE 19


  D:00A8H         PUBLIC        IEN0
  C:1161H         PUBLIC        _print_memory
  B:00B0H.0       PUBLIC        RxD
  B:00B0H.1       PUBLIC        TxD
  B:0090H.3       PUBLIC        CEX0
  B:0090H.4       PUBLIC        CEX1
  B:00C8H.0       PUBLIC        CP
  B:00D8H.6       PUBLIC        CR
  B:00C8H.6       PUBLIC        EXF2
  D:00B8H         PUBLIC        IPL0
  B:00B0H.6       PUBLIC        nWR
  B:00A8H.4       PUBLIC        ES
  B:0098H.0       PUBLIC        RI
  B:00D0H.7       PUBLIC        CY
  B:0098H.1       PUBLIC        TI
  B:00B8H.1       PUBLIC        PT0L
  B:00B8H.3       PUBLIC        PT1L
  B:00B8H.5       PUBLIC        PT2L
  B:0090H.1       PUBLIC        T2EX
  D:00D8H         PUBLIC        CCON
  B:00B8H.0       PUBLIC        PX0L
  B:00D0H.2       PUBLIC        OV
  B:0090H.1       PUBLIC        SS
  B:00B8H.2       PUBLIC        PX1L
  B:00C8H.5       PUBLIC        RCLK
  B:00C8H.4       PUBLIC        TCLK
  B:00B8H.6       PUBLIC        PPCL
  D:0098H         PUBLIC        SCON
  B:0080H.0       PUBLIC        AD0
  D:0088H         PUBLIC        TCON
  B:0080H.1       PUBLIC        AD1
  B:0080H.2       PUBLIC        AD2
  B:00C8H.1       PUBLIC        CnT2
  B:0080H.3       PUBLIC        AD3
  B:0090H.5       PUBLIC        MISO
  B:0090H.7       PUBLIC        MOSI
  B:0080H.4       PUBLIC        AD4
  B:0080H.5       PUBLIC        AD5
  B:0080H.6       PUBLIC        AD6
  B:0080H.7       PUBLIC        AD7
  B:00A0H.0       PUBLIC        AD8
  B:00A0H.1       PUBLIC        AD9
  B:0088H.1       PUBLIC        IE0
  B:0088H.3       PUBLIC        IE1
  B:00A8H.1       PUBLIC        ET0
  B:00A8H.3       PUBLIC        ET1
  B:0088H.5       PUBLIC        TF0
  B:00A8H.5       PUBLIC        ET2
  B:0088H.7       PUBLIC        TF1
  B:00C8H.7       PUBLIC        TF2
  B:0098H.2       PUBLIC        RB8
  B:00A8H.0       PUBLIC        EX0
  B:0088H.0       PUBLIC        IT0
  B:0098H.3       PUBLIC        TB8
  B:00A8H.2       PUBLIC        EX1
  B:0088H.2       PUBLIC        IT1
  B:00D0H.0       PUBLIC        P
BL51 BANKED LINKER/LOCATER V4.02                                                      10/11/2019  21:49:13  PAGE 20


  B:0098H.7       PUBLIC        SM0
  B:0090H.2       PUBLIC        ECI
  B:0098H.6       PUBLIC        SM1
  B:0098H.5       PUBLIC        SM2
  B:00D0H.3       PUBLIC        RS0
  B:0088H.4       PUBLIC        TR0
  B:00D0H.4       PUBLIC        RS1
  B:0088H.6       PUBLIC        TR1
  B:00C8H.2       PUBLIC        TR2
  B:0090H.6       PUBLIC        SCK
  B:00C8H.3       PUBLIC        EXEN2
  B:0098H.4       PUBLIC        REN
  B:00A0H.2       PUBLIC        AD10
  B:00A0H.3       PUBLIC        AD11
  D:00C8H         PUBLIC        T2CON
  B:00A0H.4       PUBLIC        AD12
  B:00A0H.5       PUBLIC        AD13
  B:00A0H.6       PUBLIC        AD14
  B:00A0H.7       PUBLIC        AD15
  B:00B8H.4       PUBLIC        PLS
  B:00D0H.5       PUBLIC        F0
  B:00D0H.1       PUBLIC        F1
  D:00D0H         PUBLIC        PSW
  B:00D8H.0       PUBLIC        CCF0
  B:00D8H.1       PUBLIC        CCF1
  -------         PROC          _PRINT_16BYTES
  D:0001H         SYMBOL        array_in_p
  -------         DO            array_in_p
  D:002FH         SYMBOL        input_p
  D:0032H         SYMBOL        index
  D:0033H         SYMBOL        dat
  -------         ENDDO         dat
  C:1087H         LINE#         16
  C:1087H         LINE#         17
  C:1087H         LINE#         20
  C:108DH         LINE#         21
  C:109CH         LINE#         22
  C:109FH         LINE#         23
  C:109FH         LINE#         24
  C:10B0H         LINE#         25
  C:10BBH         LINE#         26
  C:10C4H         LINE#         27
  C:10C7H         LINE#         28
  C:10C7H         LINE#         29
  C:10D8H         LINE#         30
  C:10E7H         LINE#         31
  C:10ECH         LINE#         32
  C:10F5H         LINE#         33
  C:10FAH         LINE#         34
  -------         ENDPROC       _PRINT_16BYTES
  -------         PROC          _PRINT_MEMORY
  D:0027H         SYMBOL        array_in_p
  D:002AH         SYMBOL        number_of_bytes
  -------         DO            number_of_bytes
  D:002CH         SYMBOL        input_p
  D:0006H         SYMBOL        i
  -------         ENDDO         i
BL51 BANKED LINKER/LOCATER V4.02                                                      10/11/2019  21:49:13  PAGE 21


  C:1161H         LINE#         44
  C:116BH         LINE#         45
  C:116BH         LINE#         48
  C:1171H         LINE#         49
  C:1175H         LINE#         50
  C:117AH         LINE#         51
  C:1186H         LINE#         52
  C:118FH         LINE#         54
  C:118FH         LINE#         55
  C:1198H         LINE#         56
  C:11A3H         LINE#         57
  C:11BFH         LINE#         58
  -------         ENDPROC       _PRINT_MEMORY
  -------         ENDMOD        PRINT_BYTES

  -------         MODULE        TIMER0_HARDWARE_DELAY_1MS
  C:0000H         SYMBOL        _ICE_DUMMY_
  B:00D8H.2       PUBLIC        CCF2
  B:00D8H.3       PUBLIC        CCF3
  D:0080H         PUBLIC        P0
  B:00D8H.4       PUBLIC        CCF4
  D:0090H         PUBLIC        P1
  D:00A0H         PUBLIC        P2
  D:00B0H         PUBLIC        P3
  B:00B0H.4       PUBLIC        T0
  B:00D0H.6       PUBLIC        AC
  B:00B0H.5       PUBLIC        T1
  B:00B0H.7       PUBLIC        nRD
  B:0090H.0       PUBLIC        T2
  B:00A8H.7       PUBLIC        EA
  B:00A8H.6       PUBLIC        EC
  B:00D8H.7       PUBLIC        CF
  B:00B0H.2       PUBLIC        nINT0
  B:0098H.7       PUBLIC        FE
  B:00B0H.3       PUBLIC        nINT1
  D:00A8H         PUBLIC        IEN0
  B:00B0H.0       PUBLIC        RxD
  B:0090H.0       PUBLIC        P1_0
  B:00B0H.1       PUBLIC        TxD
  B:0090H.3       PUBLIC        CEX0
  B:0090H.1       PUBLIC        P1_1
  B:0090H.4       PUBLIC        CEX1
  B:0090H.2       PUBLIC        P1_2
  B:00C8H.0       PUBLIC        CP
  B:0090H.3       PUBLIC        P1_3
  B:00B0H.2       PUBLIC        P3_2
  B:0090H.4       PUBLIC        P1_4
  B:00D8H.6       PUBLIC        CR
  B:00B0H.3       PUBLIC        P3_3
  B:0090H.5       PUBLIC        P1_5
  B:00C8H.6       PUBLIC        EXF2
  D:00B8H         PUBLIC        IPL0
  B:00B0H.4       PUBLIC        P3_4
  B:0090H.6       PUBLIC        P1_6
  B:00B0H.5       PUBLIC        P3_5
  B:0090H.7       PUBLIC        P1_7
  B:00B0H.6       PUBLIC        nWR
BL51 BANKED LINKER/LOCATER V4.02                                                      10/11/2019  21:49:13  PAGE 22


  B:00A8H.4       PUBLIC        ES
  B:0098H.0       PUBLIC        RI
  B:00D0H.7       PUBLIC        CY
  B:0098H.1       PUBLIC        TI
  B:00B8H.1       PUBLIC        PT0L
  B:00B8H.3       PUBLIC        PT1L
  B:00B8H.5       PUBLIC        PT2L
  B:0090H.1       PUBLIC        T2EX
  D:00D8H         PUBLIC        CCON
  B:00B0H.6       PUBLIC        RS
  B:00B8H.0       PUBLIC        PX0L
  B:00D0H.2       PUBLIC        OV
  B:0090H.1       PUBLIC        SS
  B:00B8H.2       PUBLIC        PX1L
  B:00C8H.5       PUBLIC        RCLK
  B:00C8H.4       PUBLIC        TCLK
  B:00B8H.6       PUBLIC        PPCL
  B:00A0H.4       PUBLIC        REDLED
  D:0098H         PUBLIC        SCON
  B:00A0H.5       PUBLIC        YELLOWLED
  B:0080H.0       PUBLIC        AD0
  D:0089H         PUBLIC        TMOD
  D:0088H         PUBLIC        TCON
  B:0080H.1       PUBLIC        AD1
  B:0080H.2       PUBLIC        AD2
  B:00B0H.1       PUBLIC        per_RxD
  B:00C8H.1       PUBLIC        CnT2
  B:0080H.3       PUBLIC        AD3
  B:0090H.5       PUBLIC        MISO
  B:0090H.7       PUBLIC        MOSI
  B:0080H.4       PUBLIC        AD4
  B:00B0H.0       PUBLIC        per_TxD
  B:0080H.5       PUBLIC        AD5
  B:0080H.6       PUBLIC        AD6
  B:0080H.7       PUBLIC        AD7
  B:00A0H.0       PUBLIC        AD8
  B:00A0H.1       PUBLIC        AD9
  B:0088H.1       PUBLIC        IE0
  B:00A0H.6       PUBLIC        AMBERLED
  B:0088H.3       PUBLIC        IE1
  B:00B0H.7       PUBLIC        E
  B:00A0H.7       PUBLIC        GREENLED
  B:00A8H.1       PUBLIC        ET0
  B:00A8H.3       PUBLIC        ET1
  B:0088H.5       PUBLIC        TF0
  B:00A8H.5       PUBLIC        ET2
  B:0088H.7       PUBLIC        TF1
  B:00C8H.7       PUBLIC        TF2
  B:0098H.2       PUBLIC        RB8
  D:008CH         PUBLIC        TH0
  B:00A8H.0       PUBLIC        EX0
  B:0088H.0       PUBLIC        IT0
  B:0098H.3       PUBLIC        TB8
  B:00A8H.2       PUBLIC        EX1
  B:0088H.2       PUBLIC        IT1
  B:00D0H.0       PUBLIC        P
  B:0098H.7       PUBLIC        SM0
BL51 BANKED LINKER/LOCATER V4.02                                                      10/11/2019  21:49:13  PAGE 23


  D:008AH         PUBLIC        TL0
  B:0090H.2       PUBLIC        ECI
  B:0098H.6       PUBLIC        SM1
  B:0098H.5       PUBLIC        SM2
  B:00D0H.3       PUBLIC        RS0
  B:0088H.4       PUBLIC        TR0
  B:00D0H.4       PUBLIC        RS1
  B:0088H.6       PUBLIC        TR1
  C:130FH         PUBLIC        _Timer0_DELAY_1ms
  B:00C8H.2       PUBLIC        TR2
  B:00A0H.0       PUBLIC        SW1
  B:00A0H.1       PUBLIC        SW2
  B:00A0H.2       PUBLIC        SW3
  B:00A0H.3       PUBLIC        SW4
  B:0090H.6       PUBLIC        SCK
  B:00C8H.3       PUBLIC        EXEN2
  B:0098H.4       PUBLIC        REN
  B:00A0H.2       PUBLIC        AD10
  B:00A0H.3       PUBLIC        AD11
  D:00C8H         PUBLIC        T2CON
  B:00A0H.4       PUBLIC        AD12
  B:00A0H.5       PUBLIC        AD13
  B:00A0H.6       PUBLIC        AD14
  B:00A0H.7       PUBLIC        AD15
  B:00B8H.4       PUBLIC        PLS
  B:00D0H.5       PUBLIC        F0
  B:00D0H.1       PUBLIC        F1
  D:00D0H         PUBLIC        PSW
  B:00D8H.0       PUBLIC        CCF0
  B:00D8H.1       PUBLIC        CCF1
  -------         PROC          _TIMER0_DELAY_1MS
  D:0006H         SYMBOL        duration
  C:130FH         LINE#         8
  C:130FH         LINE#         9
  C:130FH         LINE#         11
  C:1312H         LINE#         12
  C:1315H         LINE#         15
  C:1317H         LINE#         18
  C:1317H         LINE#         20
  C:131AH         LINE#         21
  C:131DH         LINE#         23
  C:131FH         LINE#         24
  C:1321H         LINE#         26
  C:1324H         LINE#         28
  C:1326H         LINE#         29
  C:132BH         LINE#         30
  C:1334H         LINE#         31
  -------         ENDPROC       _TIMER0_DELAY_1MS
  -------         ENDMOD        TIMER0_HARDWARE_DELAY_1MS

  -------         MODULE        UART
  C:0000H         SYMBOL        _ICE_DUMMY_
  B:00D8H.2       PUBLIC        CCF2
  B:00D8H.3       PUBLIC        CCF3
  D:0080H         PUBLIC        P0
  B:00D8H.4       PUBLIC        CCF4
  D:0090H         PUBLIC        P1
BL51 BANKED LINKER/LOCATER V4.02                                                      10/11/2019  21:49:13  PAGE 24


  D:00A0H         PUBLIC        P2
  D:00B0H         PUBLIC        P3
  B:00B0H.4       PUBLIC        T0
  B:00D0H.6       PUBLIC        AC
  B:00B0H.5       PUBLIC        T1
  B:00B0H.7       PUBLIC        nRD
  B:0090H.0       PUBLIC        T2
  B:00A8H.7       PUBLIC        EA
  B:00A8H.6       PUBLIC        EC
  B:00D8H.7       PUBLIC        CF
  B:00B0H.2       PUBLIC        nINT0
  B:0098H.7       PUBLIC        FE
  B:00B0H.3       PUBLIC        nINT1
  D:00A8H         PUBLIC        IEN0
  B:00B0H.0       PUBLIC        RxD
  B:00B0H.1       PUBLIC        TxD
  B:0090H.3       PUBLIC        CEX0
  B:0090H.4       PUBLIC        CEX1
  B:00C8H.0       PUBLIC        CP
  B:00D8H.6       PUBLIC        CR
  B:00C8H.6       PUBLIC        EXF2
  D:00B8H         PUBLIC        IPL0
  B:00B0H.6       PUBLIC        nWR
  B:00A8H.4       PUBLIC        ES
  B:0098H.0       PUBLIC        RI
  B:00D0H.7       PUBLIC        CY
  B:0098H.1       PUBLIC        TI
  B:00B8H.1       PUBLIC        PT0L
  B:00B8H.3       PUBLIC        PT1L
  B:00B8H.5       PUBLIC        PT2L
  B:0090H.1       PUBLIC        T2EX
  D:00D8H         PUBLIC        CCON
  B:00B8H.0       PUBLIC        PX0L
  B:00D0H.2       PUBLIC        OV
  B:0090H.1       PUBLIC        SS
  B:00B8H.2       PUBLIC        PX1L
  B:00C8H.5       PUBLIC        RCLK
  B:00C8H.4       PUBLIC        TCLK
  B:00B8H.6       PUBLIC        PPCL
  D:0099H         PUBLIC        SBUF
  D:0087H         PUBLIC        PCON
  D:0098H         PUBLIC        SCON
  C:10FFH         PUBLIC        _uart_init
  B:0080H.0       PUBLIC        AD0
  D:0088H         PUBLIC        TCON
  B:0080H.1       PUBLIC        AD1
  B:0080H.2       PUBLIC        AD2
  B:00C8H.1       PUBLIC        CnT2
  B:0080H.3       PUBLIC        AD3
  B:0090H.5       PUBLIC        MISO
  B:0090H.7       PUBLIC        MOSI
  B:0080H.4       PUBLIC        AD4
  B:0080H.5       PUBLIC        AD5
  D:009BH         PUBLIC        BDRCON
  B:0080H.6       PUBLIC        AD6
  B:0080H.7       PUBLIC        AD7
  B:00A0H.0       PUBLIC        AD8
BL51 BANKED LINKER/LOCATER V4.02                                                      10/11/2019  21:49:13  PAGE 25


  B:00A0H.1       PUBLIC        AD9
  B:0088H.1       PUBLIC        IE0
  B:0088H.3       PUBLIC        IE1
  B:00A8H.1       PUBLIC        ET0
  B:00A8H.3       PUBLIC        ET1
  B:0088H.5       PUBLIC        TF0
  B:00A8H.5       PUBLIC        ET2
  B:0088H.7       PUBLIC        TF1
  B:00C8H.7       PUBLIC        TF2
  B:0098H.2       PUBLIC        RB8
  B:00A8H.0       PUBLIC        EX0
  B:0088H.0       PUBLIC        IT0
  B:0098H.3       PUBLIC        TB8
  B:00A8H.2       PUBLIC        EX1
  B:0088H.2       PUBLIC        IT1
  B:00D0H.0       PUBLIC        P
  B:0098H.7       PUBLIC        SM0
  B:0090H.2       PUBLIC        ECI
  B:0098H.6       PUBLIC        SM1
  B:0098H.5       PUBLIC        SM2
  C:1375H         PUBLIC        _UART_Transmit
  B:00D0H.3       PUBLIC        RS0
  B:0088H.4       PUBLIC        TR0
  B:00D0H.4       PUBLIC        RS1
  B:0088H.6       PUBLIC        TR1
  B:00C8H.2       PUBLIC        TR2
  D:009AH         PUBLIC        BRL
  B:0090H.6       PUBLIC        SCK
  B:00C8H.3       PUBLIC        EXEN2
  C:137DH         PUBLIC        UART_Receive
  B:0098H.4       PUBLIC        REN
  B:00A0H.2       PUBLIC        AD10
  B:00A0H.3       PUBLIC        AD11
  D:00C8H         PUBLIC        T2CON
  B:00A0H.4       PUBLIC        AD12
  B:00A0H.5       PUBLIC        AD13
  B:00A0H.6       PUBLIC        AD14
  B:00A0H.7       PUBLIC        AD15
  B:00B8H.4       PUBLIC        PLS
  B:00D0H.5       PUBLIC        F0
  B:00D0H.1       PUBLIC        F1
  D:00D0H         PUBLIC        PSW
  B:00D8H.0       PUBLIC        CCF0
  B:00D8H.1       PUBLIC        CCF1
  -------         PROC          _UART_INIT
  D:0027H         SYMBOL        BAUD_RATE
  C:10FFH         LINE#         12
  C:1103H         LINE#         13
  C:1103H         LINE#         17
  C:1106H         LINE#         18
  C:1109H         LINE#         21
  C:110BH         LINE#         24
  C:110EH         LINE#         27
  C:1111H         LINE#         29
  C:115DH         LINE#         30
  C:1160H         LINE#         34
  -------         ENDPROC       _UART_INIT
BL51 BANKED LINKER/LOCATER V4.02                                                      10/11/2019  21:49:13  PAGE 26


  -------         PROC          _UART_TRANSMIT
  D:0007H         SYMBOL        send_value
  C:1375H         LINE#         44
  C:1375H         LINE#         45
  C:1375H         LINE#         46
  C:1378H         LINE#         47
  C:137AH         LINE#         48
  C:137CH         LINE#         49
  C:137CH         LINE#         50
  -------         ENDPROC       _UART_TRANSMIT
  -------         PROC          UART_RECEIVE
  C:137DH         LINE#         65
  C:137DH         LINE#         66
  C:137DH         LINE#         67
  C:1380H         LINE#         68
  C:1382H         LINE#         69
  C:1384H         LINE#         70
  -------         ENDPROC       UART_RECEIVE
  -------         ENDMOD        UART

  -------         MODULE        SPI
  C:0000H         SYMBOL        _ICE_DUMMY_
  B:00D8H.2       PUBLIC        CCF2
  B:00D8H.3       PUBLIC        CCF3
  D:0080H         PUBLIC        P0
  B:00D8H.4       PUBLIC        CCF4
  D:0090H         PUBLIC        P1
  D:00A0H         PUBLIC        P2
  D:00B0H         PUBLIC        P3
  B:00B0H.4       PUBLIC        T0
  B:00D0H.6       PUBLIC        AC
  B:00B0H.5       PUBLIC        T1
  B:00B0H.7       PUBLIC        nRD
  D:00C3H         PUBLIC        SPCON
  B:0090H.0       PUBLIC        T2
  B:00A8H.7       PUBLIC        EA
  B:00A8H.6       PUBLIC        EC
  B:00D8H.7       PUBLIC        CF
  B:00B0H.2       PUBLIC        nINT0
  B:0098H.7       PUBLIC        FE
  B:00B0H.3       PUBLIC        nINT1
  D:00C4H         PUBLIC        SPSTA
  D:00A8H         PUBLIC        IEN0
  B:00B0H.0       PUBLIC        RxD
  B:00B0H.1       PUBLIC        TxD
  B:0090H.3       PUBLIC        CEX0
  B:0090H.4       PUBLIC        CEX1
  B:00C8H.0       PUBLIC        CP
  B:00D8H.6       PUBLIC        CR
  B:00C8H.6       PUBLIC        EXF2
  D:00B8H         PUBLIC        IPL0
  C:128BH         PUBLIC        _SPI_transfer
  B:00B0H.6       PUBLIC        nWR
  B:00A8H.4       PUBLIC        ES
  B:0098H.0       PUBLIC        RI
  B:00D0H.7       PUBLIC        CY
  B:0098H.1       PUBLIC        TI
BL51 BANKED LINKER/LOCATER V4.02                                                      10/11/2019  21:49:13  PAGE 27


  B:00B8H.1       PUBLIC        PT0L
  B:00B8H.3       PUBLIC        PT1L
  B:00B8H.5       PUBLIC        PT2L
  B:0090H.1       PUBLIC        T2EX
  D:00D8H         PUBLIC        CCON
  B:00B8H.0       PUBLIC        PX0L
  B:00D0H.2       PUBLIC        OV
  B:0090H.1       PUBLIC        SS
  B:00B8H.2       PUBLIC        PX1L
  B:00C8H.5       PUBLIC        RCLK
  B:00C8H.4       PUBLIC        TCLK
  B:00B8H.6       PUBLIC        PPCL
  D:0098H         PUBLIC        SCON
  B:0080H.0       PUBLIC        AD0
  D:0088H         PUBLIC        TCON
  B:0080H.1       PUBLIC        AD1
  B:0080H.2       PUBLIC        AD2
  B:00C8H.1       PUBLIC        CnT2
  B:0080H.3       PUBLIC        AD3
  B:0090H.5       PUBLIC        MISO
  B:0090H.7       PUBLIC        MOSI
  B:0080H.4       PUBLIC        AD4
  B:0080H.5       PUBLIC        AD5
  B:0080H.6       PUBLIC        AD6
  B:0080H.7       PUBLIC        AD7
  B:00A0H.0       PUBLIC        AD8
  B:00A0H.1       PUBLIC        AD9
  B:0088H.1       PUBLIC        IE0
  B:0088H.3       PUBLIC        IE1
  B:00A8H.1       PUBLIC        ET0
  B:00A8H.3       PUBLIC        ET1
  B:0088H.5       PUBLIC        TF0
  B:00A8H.5       PUBLIC        ET2
  B:0088H.7       PUBLIC        TF1
  B:00C8H.7       PUBLIC        TF2
  B:0098H.2       PUBLIC        RB8
  B:00A8H.0       PUBLIC        EX0
  B:0088H.0       PUBLIC        IT0
  B:0098H.3       PUBLIC        TB8
  B:00A8H.2       PUBLIC        EX1
  B:0088H.2       PUBLIC        IT1
  B:00D0H.0       PUBLIC        P
  B:0098H.7       PUBLIC        SM0
  B:0090H.2       PUBLIC        ECI
  B:0098H.6       PUBLIC        SM1
  B:0098H.5       PUBLIC        SM2
  C:11C0H         PUBLIC        _SPI_master_init
  B:00D0H.3       PUBLIC        RS0
  B:0088H.4       PUBLIC        TR0
  B:00D0H.4       PUBLIC        RS1
  B:0088H.6       PUBLIC        TR1
  B:00C8H.2       PUBLIC        TR2
  B:0090H.6       PUBLIC        SCK
  B:00C8H.3       PUBLIC        EXEN2
  B:0098H.4       PUBLIC        REN
  B:00A0H.2       PUBLIC        AD10
  B:00A0H.3       PUBLIC        AD11
BL51 BANKED LINKER/LOCATER V4.02                                                      10/11/2019  21:49:13  PAGE 28


  D:00C8H         PUBLIC        T2CON
  B:00A0H.4       PUBLIC        AD12
  B:00A0H.5       PUBLIC        AD13
  B:00A0H.6       PUBLIC        AD14
  B:00A0H.7       PUBLIC        AD15
  B:00B8H.4       PUBLIC        PLS
  B:00D0H.5       PUBLIC        F0
  B:00D0H.1       PUBLIC        F1
  D:00D0H         PUBLIC        PSW
  B:00D8H.0       PUBLIC        CCF0
  B:00D8H.1       PUBLIC        CCF1
  D:00C5H         PUBLIC        SPDAT
  -------         PROC          _SPI_MASTER_INIT
  D:0004H         SYMBOL        clock_rate
  -------         DO            clock_rate
  D:0007H         SYMBOL        divider
  D:0006H         SYMBOL        power2_val
  D:0005H         SYMBOL        power2_cnt
  -------         ENDDO         power2_cnt
  C:11C0H         LINE#         14
  C:11C0H         LINE#         15
  C:11C0H         LINE#         17
  C:11D3H         LINE#         18
  C:11D5H         LINE#         22
  C:11DCH         LINE#         23
  C:11DCH         LINE#         24
  C:11E0H         LINE#         25
  C:11E4H         LINE#         27
  C:11E9H         LINE#         28
  C:11E9H         LINE#         29
  C:1206H         LINE#         31
  C:1208H         LINE#         33
  C:1208H         LINE#         34
  C:120BH         LINE#         35
  C:120BH         LINE#         37
  C:120DH         LINE#         38
  -------         ENDPROC       _SPI_MASTER_INIT
  -------         PROC          _SPI_TRANSFER
  D:0007H         SYMBOL        send_value
  D:0001H         SYMBOL        received_value
  -------         DO            received_value
  D:0007H         SYMBOL        timeout
  D:0005H         SYMBOL        status
  D:0006H         SYMBOL        error_flag
  -------         ENDDO         error_flag
  C:128BH         LINE#         40
  C:128BH         LINE#         41
  C:128BH         LINE#         45
  C:128DH         LINE#         46
  C:128FH         LINE#         48
  C:128FH         LINE#         49
  C:1291H         LINE#         50
  C:1292H         LINE#         51
  C:129AH         LINE#         54
  C:129DH         LINE#         55
  C:129DH         LINE#         56
  C:129FH         LINE#         57
BL51 BANKED LINKER/LOCATER V4.02                                                      10/11/2019  21:49:13  PAGE 29


  C:12A4H         LINE#         58
  C:12A6H         LINE#         59
  C:12ABH         LINE#         60
  C:12ABH         LINE#         61
  C:12ADH         LINE#         62
  C:12B2H         LINE#         63
  C:12B4H         LINE#         65
  C:12B4H         LINE#         66
  C:12B6H         LINE#         67
  C:12BBH         LINE#         68
  C:12BBH         LINE#         70
  C:12BDH         LINE#         72
  -------         ENDPROC       _SPI_TRANSFER
  -------         ENDMOD        SPI

  -------         MODULE        SD_CARD
  C:0000H         SYMBOL        _ICE_DUMMY_
  B:00D8H.2       PUBLIC        CCF2
  B:00D8H.3       PUBLIC        CCF3
  D:0080H         PUBLIC        P0
  B:00D8H.4       PUBLIC        CCF4
  D:0090H         PUBLIC        P1
  D:00A0H         PUBLIC        P2
  D:00B0H         PUBLIC        P3
  B:00B0H.4       PUBLIC        T0
  B:00D0H.6       PUBLIC        AC
  B:00B0H.5       PUBLIC        T1
  B:00B0H.7       PUBLIC        nRD
  B:0090H.0       PUBLIC        T2
  B:00A8H.7       PUBLIC        EA
  B:00A8H.6       PUBLIC        EC
  B:00D8H.7       PUBLIC        CF
  B:00B0H.2       PUBLIC        nINT0
  B:0098H.7       PUBLIC        FE
  B:00B0H.3       PUBLIC        nINT1
  D:00A8H         PUBLIC        IEN0
  B:00B0H.0       PUBLIC        RxD
  B:0090H.0       PUBLIC        P1_0
  B:00B0H.1       PUBLIC        TxD
  B:0090H.3       PUBLIC        CEX0
  B:0090H.1       PUBLIC        P1_1
  B:0090H.4       PUBLIC        CEX1
  B:0090H.2       PUBLIC        P1_2
  B:00C8H.0       PUBLIC        CP
  B:0090H.3       PUBLIC        P1_3
  B:00B0H.2       PUBLIC        P3_2
  B:0090H.4       PUBLIC        P1_4
  B:00D8H.6       PUBLIC        CR
  B:00B0H.3       PUBLIC        P3_3
  B:0090H.5       PUBLIC        P1_5
  B:00C8H.6       PUBLIC        EXF2
  D:00B8H         PUBLIC        IPL0
  B:00B0H.4       PUBLIC        P3_4
  B:0090H.6       PUBLIC        P1_6
  B:00B0H.5       PUBLIC        P3_5
  B:0090H.7       PUBLIC        P1_7
  B:00B0H.6       PUBLIC        nWR
BL51 BANKED LINKER/LOCATER V4.02                                                      10/11/2019  21:49:13  PAGE 30


  B:00A8H.4       PUBLIC        ES
  B:0098H.0       PUBLIC        RI
  B:00D0H.7       PUBLIC        CY
  C:0D8DH         PUBLIC        _receive_response
  B:0098H.1       PUBLIC        TI
  C:08CFH         PUBLIC        _send_basic_init_cmd
  B:00B8H.1       PUBLIC        PT0L
  B:00B8H.3       PUBLIC        PT1L
  B:00B8H.5       PUBLIC        PT2L
  B:0090H.1       PUBLIC        T2EX
  D:00D8H         PUBLIC        CCON
  B:00B0H.6       PUBLIC        RS
  B:00B8H.0       PUBLIC        PX0L
  B:00D0H.2       PUBLIC        OV
  B:0090H.1       PUBLIC        SS
  B:00B8H.2       PUBLIC        PX1L
  C:055EH         PUBLIC        SD_card_init
  B:00C8H.5       PUBLIC        RCLK
  B:00C8H.4       PUBLIC        TCLK
  B:00B8H.6       PUBLIC        PPCL
  B:00A0H.4       PUBLIC        REDLED
  D:0098H         PUBLIC        SCON
  B:00A0H.5       PUBLIC        YELLOWLED
  B:0080H.0       PUBLIC        AD0
  D:0088H         PUBLIC        TCON
  B:0080H.1       PUBLIC        AD1
  B:0080H.2       PUBLIC        AD2
  B:00B0H.1       PUBLIC        per_RxD
  B:00C8H.1       PUBLIC        CnT2
  B:0080H.3       PUBLIC        AD3
  B:0090H.5       PUBLIC        MISO
  B:0090H.7       PUBLIC        MOSI
  B:0080H.4       PUBLIC        AD4
  B:00B0H.0       PUBLIC        per_TxD
  B:0080H.5       PUBLIC        AD5
  B:0080H.6       PUBLIC        AD6
  B:0080H.7       PUBLIC        AD7
  B:00A0H.0       PUBLIC        AD8
  B:00A0H.1       PUBLIC        AD9
  B:0088H.1       PUBLIC        IE0
  B:00A0H.6       PUBLIC        AMBERLED
  B:0088H.3       PUBLIC        IE1
  B:00B0H.7       PUBLIC        E
  B:00A0H.7       PUBLIC        GREENLED
  B:00A8H.1       PUBLIC        ET0
  B:00A8H.3       PUBLIC        ET1
  B:0088H.5       PUBLIC        TF0
  B:00A8H.5       PUBLIC        ET2
  B:0088H.7       PUBLIC        TF1
  B:00C8H.7       PUBLIC        TF2
  B:0098H.2       PUBLIC        RB8
  B:00A8H.0       PUBLIC        EX0
  B:0088H.0       PUBLIC        IT0
  B:0098H.3       PUBLIC        TB8
  B:00A8H.2       PUBLIC        EX1
  B:0088H.2       PUBLIC        IT1
  B:00D0H.0       PUBLIC        P
BL51 BANKED LINKER/LOCATER V4.02                                                      10/11/2019  21:49:13  PAGE 31


  C:1006H         PUBLIC        _send_command
  B:0098H.7       PUBLIC        SM0
  B:0090H.2       PUBLIC        ECI
  B:0098H.6       PUBLIC        SM1
  B:0098H.5       PUBLIC        SM2
  B:00D0H.3       PUBLIC        RS0
  B:0088H.4       PUBLIC        TR0
  B:00D0H.4       PUBLIC        RS1
  B:0088H.6       PUBLIC        TR1
  B:00C8H.2       PUBLIC        TR2
  B:00A0H.0       PUBLIC        SW1
  B:00A0H.1       PUBLIC        SW2
  B:00A0H.2       PUBLIC        SW3
  B:00A0H.3       PUBLIC        SW4
  B:0090H.6       PUBLIC        SCK
  B:00C8H.3       PUBLIC        EXEN2
  B:0098H.4       PUBLIC        REN
  B:00A0H.2       PUBLIC        AD10
  B:00A0H.3       PUBLIC        AD11
  D:00C8H         PUBLIC        T2CON
  B:00A0H.4       PUBLIC        AD12
  B:00A0H.5       PUBLIC        AD13
  B:00A0H.6       PUBLIC        AD14
  B:00A0H.7       PUBLIC        AD15
  C:0AECH         PUBLIC        _read_block
  B:00B8H.4       PUBLIC        PLS
  B:00D0H.5       PUBLIC        F0
  B:00D0H.1       PUBLIC        F1
  D:00D0H         PUBLIC        PSW
  B:00D8H.0       PUBLIC        CCF0
  B:00D8H.1       PUBLIC        CCF1
  -------         PROC          _SEND_COMMAND
  D:0003H         SYMBOL        command
  D:0044H         SYMBOL        argument
  -------         DO            argument
  D:0007H         SYMBOL        error_flag
  D:0048H         SYMBOL        received_value
  D:0049H         SYMBOL        byte_cnt
  D:004AH         SYMBOL        send_bytes
  -------         ENDDO         send_bytes
  C:1006H         LINE#         27
  C:1008H         LINE#         28
  C:1008H         LINE#         31
  C:1011H         LINE#         34
  C:1016H         LINE#         35
  C:1025H         LINE#         36
  C:1037H         LINE#         37
  C:1047H         LINE#         38
  C:104DH         LINE#         40
  C:1050H         LINE#         41
  C:1050H         LINE#         42
  C:1053H         LINE#         43
  C:1055H         LINE#         44
  C:1058H         LINE#         45
  C:1058H         LINE#         46
  C:105BH         LINE#         47
  C:105DH         LINE#         49
BL51 BANKED LINKER/LOCATER V4.02                                                      10/11/2019  21:49:13  PAGE 32


  C:105DH         LINE#         50
  C:1060H         LINE#         51
  C:1060H         LINE#         53
  C:1063H         LINE#         54
  C:1063H         LINE#         55
  C:1073H         LINE#         56
  C:1078H         LINE#         57
  C:1078H         LINE#         58
  C:107BH         LINE#         59
  C:107BH         LINE#         60
  C:1084H         LINE#         62
  C:1086H         LINE#         63
  -------         ENDPROC       _SEND_COMMAND
  -------         PROC          _RECEIVE_RESPONSE
  D:0043H         SYMBOL        number_of_bytes
  D:0044H         SYMBOL        array_name
  -------         DO            array_name
  D:0047H         SYMBOL        ret_val
  D:0048H         SYMBOL        SPI_value
  D:0049H         SYMBOL        error_flag
  D:004AH         SYMBOL        index
  D:004BH         SYMBOL        timeout
  -------         ENDDO         timeout
  C:0D8DH         LINE#         65
  C:0D95H         LINE#         66
  C:0D95H         LINE#         69
  C:0D98H         LINE#         71
  C:0D9DH         LINE#         73
  C:0D9DH         LINE#         74
  C:0DAAH         LINE#         75
  C:0DB2H         LINE#         76
  C:0DC3H         LINE#         78
  C:0DC9H         LINE#         79
  C:0DC9H         LINE#         80
  C:0DCCH         LINE#         81
  C:0DCEH         LINE#         82
  C:0DD4H         LINE#         83
  C:0DD4H         LINE#         84
  C:0DD7H         LINE#         85
  C:0DD9H         LINE#         86
  C:0DDFH         LINE#         87
  C:0DDFH         LINE#         88
  C:0DEAH         LINE#         89
  C:0DEDH         LINE#         90
  C:0DEFH         LINE#         92
  C:0DEFH         LINE#         94
  C:0DFAH         LINE#         95
  C:0E01H         LINE#         96
  C:0E01H         LINE#         97
  C:0E0BH         LINE#         98
  C:0E0BH         LINE#         99
  C:0E18H         LINE#         100
  C:0E29H         LINE#         101
  C:0E2DH         LINE#         102
  C:0E2DH         LINE#         103
  C:0E2DH         LINE#         105
  C:0E3AH         LINE#         106
BL51 BANKED LINKER/LOCATER V4.02                                                      10/11/2019  21:49:13  PAGE 33


  C:0E3CH         LINE#         107
  -------         ENDPROC       _RECEIVE_RESPONSE
  -------         PROC          L?0090
  -------         ENDPROC       L?0090
  -------         PROC          _SEND_BASIC_INIT_CMD
  D:0037H         SYMBOL        cmd
  D:0038H         SYMBOL        arg
  D:003CH         SYMBOL        response_size
  D:003DH         SYMBOL        values
  D:0040H         SYMBOL        more_cmds
  -------         DO            more_cmds
  D:0041H         SYMBOL        error_flag
  D:0042H         SYMBOL        i
  -------         ENDDO         i
  C:08CFH         LINE#         111
  C:08D1H         LINE#         112
  C:08D1H         LINE#         114
  C:08DDH         LINE#         115
  C:092DH         LINE#         116
  C:0936H         LINE#         118
  C:093FH         LINE#         120
  C:0952H         LINE#         121
  C:0958H         LINE#         122
  C:0958H         LINE#         123
  C:0961H         LINE#         124
  C:096DH         LINE#         125
  C:0970H         LINE#         126
  C:0970H         LINE#         127
  C:097DH         LINE#         129
  C:098AH         LINE#         130
  C:0990H         LINE#         131
  C:0990H         LINE#         132
  C:099CH         LINE#         133
  C:099FH         LINE#         134
  C:099FH         LINE#         136
  C:09A8H         LINE#         137
  C:09D0H         LINE#         138
  C:09D9H         LINE#         140
  C:09DBH         LINE#         141
  -------         ENDPROC       _SEND_BASIC_INIT_CMD
  -------         PROC          SD_CARD_INIT
  -------         DO            SD_CARD_INIT
  D:0027H         SYMBOL        i
  D:0028H         SYMBOL        error_flag
  D:0029H         SYMBOL        SPI_values
  D:0031H         SYMBOL        card_version
  D:0032H         SYMBOL        timeout
  -------         ENDDO         timeout
  C:055EH         LINE#         143
  C:055EH         LINE#         144
  C:055EH         LINE#         147
  C:0567H         LINE#         149
  C:0570H         LINE#         151
  C:0573H         LINE#         152
  C:0573H         LINE#         153
  C:0580H         LINE#         154
  C:0589H         LINE#         157
BL51 BANKED LINKER/LOCATER V4.02                                                      10/11/2019  21:49:13  PAGE 34


  C:05A5H         LINE#         158
  C:05B4H         LINE#         161
  C:05D3H         LINE#         162
  C:05DBH         LINE#         164
  C:05E0H         LINE#         165
  C:05E0H         LINE#         166
  C:05E3H         LINE#         169
  C:05E9H         LINE#         170
  C:05E9H         LINE#         171
  C:05F2H         LINE#         172
  C:05F5H         LINE#         173
  C:05F5H         LINE#         174
  C:05F5H         LINE#         175
  C:05FAH         LINE#         176
  C:05FAH         LINE#         177
  C:05FDH         LINE#         178
  C:05FFH         LINE#         180
  C:05FFH         LINE#         181
  C:0602H         LINE#         182
  C:0602H         LINE#         183
  C:060EH         LINE#         186
  C:061AH         LINE#         187
  C:0629H         LINE#         190
  C:0631H         LINE#         191
  C:0631H         LINE#         192
  C:063AH         LINE#         193
  C:063DH         LINE#         194
  C:063DH         LINE#         197
  C:0642H         LINE#         199
  C:0642H         LINE#         200
  C:0660H         LINE#         201
  C:066FH         LINE#         204
  C:0674H         LINE#         205
  C:0674H         LINE#         206
  C:0692H         LINE#         207
  C:0694H         LINE#         209
  C:0694H         LINE#         210
  C:06B3H         LINE#         211
  C:06B3H         LINE#         212
  C:06BBH         LINE#         214
  C:06C3H         LINE#         215
  C:06CEH         LINE#         216
  C:06D7H         LINE#         217
  C:06DDH         LINE#         218
  C:06DDH         LINE#         219
  C:06E6H         LINE#         220
  C:06E9H         LINE#         221
  C:06E9H         LINE#         224
  C:06EFH         LINE#         225
  C:06EFH         LINE#         226
  C:06F8H         LINE#         227
  C:0705H         LINE#         230
  C:070AH         LINE#         231
  C:070AH         LINE#         232
  C:0713H         LINE#         233
  C:0716H         LINE#         234
  C:0716H         LINE#         236
BL51 BANKED LINKER/LOCATER V4.02                                                      10/11/2019  21:49:13  PAGE 35


  C:071BH         LINE#         237
  C:071BH         LINE#         238
  C:0724H         LINE#         239
  C:0742H         LINE#         240
  C:074FH         LINE#         241
  C:074FH         LINE#         243
  C:074FH         LINE#         244
  C:0758H         LINE#         245
  C:0758H         LINE#         246
  C:0758H         LINE#         248
  C:075AH         LINE#         250
  -------         ENDPROC       SD_CARD_INIT
  -------         PROC          _READ_BLOCK
  D:0004H         SYMBOL        block_address
  D:002BH         SYMBOL        number_of_bytes
  D:002DH         SYMBOL        array
  -------         DO            array
  D:0030H         SYMBOL        ret_val
  D:0031H         SYMBOL        SPI_value
  D:0032H         SYMBOL        error_flag
  D:0033H         SYMBOL        timeout
  D:0035H         SYMBOL        index
  -------         ENDDO         index
  C:0AECH         LINE#         252
  C:0AECH         LINE#         253
  C:0AECH         LINE#         256
  C:0AEFH         LINE#         258
  C:0B0BH         LINE#         259
  C:0B18H         LINE#         261
  C:0B21H         LINE#         263
  C:0B26H         LINE#         265
  C:0B26H         LINE#         266
  C:0B33H         LINE#         267
  C:0B3BH         LINE#         268
  C:0B4CH         LINE#         269
  C:0B55H         LINE#         270
  C:0B5EH         LINE#         273
  C:0B64H         LINE#         274
  C:0B64H         LINE#         275
  C:0B6DH         LINE#         276
  C:0B7DH         LINE#         277
  C:0B7DH         LINE#         278
  C:0B8AH         LINE#         279
  C:0B93H         LINE#         280
  C:0BA4H         LINE#         281
  C:0BAEH         LINE#         282
  C:0BAEH         LINE#         284
  C:0BAEH         LINE#         285
  C:0BB1H         LINE#         286
  C:0BB1H         LINE#         289
  C:0BBCH         LINE#         290
  C:0BC7H         LINE#         291
  C:0BD2H         LINE#         293
  C:0BDBH         LINE#         295
  C:0BDDH         LINE#         296
  -------         ENDPROC       _READ_BLOCK
  -------         ENDMOD        SD_CARD
BL51 BANKED LINKER/LOCATER V4.02                                                      10/11/2019  21:49:13  PAGE 36



  -------         MODULE        OUTPUTS
  C:0000H         SYMBOL        _ICE_DUMMY_
  B:00D8H.2       PUBLIC        CCF2
  B:00D8H.3       PUBLIC        CCF3
  D:0080H         PUBLIC        P0
  B:00D8H.4       PUBLIC        CCF4
  D:0090H         PUBLIC        P1
  D:00A0H         PUBLIC        P2
  D:00B0H         PUBLIC        P3
  B:00B0H.4       PUBLIC        T0
  B:00D0H.6       PUBLIC        AC
  B:00B0H.5       PUBLIC        T1
  B:00B0H.7       PUBLIC        nRD
  B:0090H.0       PUBLIC        T2
  B:00A8H.7       PUBLIC        EA
  B:00A8H.6       PUBLIC        EC
  B:00D8H.7       PUBLIC        CF
  B:00B0H.2       PUBLIC        nINT0
  B:0098H.7       PUBLIC        FE
  B:00B0H.3       PUBLIC        nINT1
  D:00A8H         PUBLIC        IEN0
  B:00B0H.0       PUBLIC        RxD
  B:0090H.0       PUBLIC        P1_0
  B:00B0H.1       PUBLIC        TxD
  B:0090H.3       PUBLIC        CEX0
  B:0090H.1       PUBLIC        P1_1
  B:0090H.4       PUBLIC        CEX1
  B:0090H.2       PUBLIC        P1_2
  B:00C8H.0       PUBLIC        CP
  B:0090H.3       PUBLIC        P1_3
  B:00B0H.2       PUBLIC        P3_2
  B:0090H.4       PUBLIC        P1_4
  B:00D8H.6       PUBLIC        CR
  B:00B0H.3       PUBLIC        P3_3
  B:0090H.5       PUBLIC        P1_5
  B:00C8H.6       PUBLIC        EXF2
  D:00B8H         PUBLIC        IPL0
  B:00B0H.4       PUBLIC        P3_4
  B:0090H.6       PUBLIC        P1_6
  B:00B0H.5       PUBLIC        P3_5
  B:0090H.7       PUBLIC        P1_7
  B:00B0H.6       PUBLIC        nWR
  B:00A8H.4       PUBLIC        ES
  B:0098H.0       PUBLIC        RI
  B:00D0H.7       PUBLIC        CY
  B:0098H.1       PUBLIC        TI
  B:00B8H.1       PUBLIC        PT0L
  B:00B8H.3       PUBLIC        PT1L
  B:00B8H.5       PUBLIC        PT2L
  B:0090H.1       PUBLIC        T2EX
  D:00D8H         PUBLIC        CCON
  B:00B0H.6       PUBLIC        RS
  B:00B8H.0       PUBLIC        PX0L
  B:00D0H.2       PUBLIC        OV
  B:0090H.1       PUBLIC        SS
  B:00B8H.2       PUBLIC        PX1L
BL51 BANKED LINKER/LOCATER V4.02                                                      10/11/2019  21:49:13  PAGE 37


  B:00C8H.5       PUBLIC        RCLK
  B:00C8H.4       PUBLIC        TCLK
  B:00B8H.6       PUBLIC        PPCL
  B:00A0H.4       PUBLIC        REDLED
  D:0098H         PUBLIC        SCON
  B:00A0H.5       PUBLIC        YELLOWLED
  B:0080H.0       PUBLIC        AD0
  D:0088H         PUBLIC        TCON
  B:0080H.1       PUBLIC        AD1
  B:0080H.2       PUBLIC        AD2
  B:00B0H.1       PUBLIC        per_RxD
  B:00C8H.1       PUBLIC        CnT2
  B:0080H.3       PUBLIC        AD3
  B:0090H.5       PUBLIC        MISO
  B:0090H.7       PUBLIC        MOSI
  B:0080H.4       PUBLIC        AD4
  B:00B0H.0       PUBLIC        per_TxD
  B:0080H.5       PUBLIC        AD5
  B:0080H.6       PUBLIC        AD6
  B:0080H.7       PUBLIC        AD7
  B:00A0H.0       PUBLIC        AD8
  B:00A0H.1       PUBLIC        AD9
  B:0088H.1       PUBLIC        IE0
  B:00A0H.6       PUBLIC        AMBERLED
  B:0088H.3       PUBLIC        IE1
  B:00B0H.7       PUBLIC        E
  B:00A0H.7       PUBLIC        GREENLED
  B:00A8H.1       PUBLIC        ET0
  B:00A8H.3       PUBLIC        ET1
  B:0088H.5       PUBLIC        TF0
  B:00A8H.5       PUBLIC        ET2
  B:0088H.7       PUBLIC        TF1
  B:00C8H.7       PUBLIC        TF2
  B:0098H.2       PUBLIC        RB8
  B:00A8H.0       PUBLIC        EX0
  B:0088H.0       PUBLIC        IT0
  B:0098H.3       PUBLIC        TB8
  B:00A8H.2       PUBLIC        EX1
  B:0088H.2       PUBLIC        IT1
  B:00D0H.0       PUBLIC        P
  B:0098H.7       PUBLIC        SM0
  B:0090H.2       PUBLIC        ECI
  B:0098H.6       PUBLIC        SM1
  B:0098H.5       PUBLIC        SM2
  B:00D0H.3       PUBLIC        RS0
  B:0088H.4       PUBLIC        TR0
  B:00D0H.4       PUBLIC        RS1
  C:0EE9H         PUBLIC        _write_port_bit
  B:0088H.6       PUBLIC        TR1
  B:00C8H.2       PUBLIC        TR2
  B:00A0H.0       PUBLIC        SW1
  B:00A0H.1       PUBLIC        SW2
  B:00A0H.2       PUBLIC        SW3
  B:00A0H.3       PUBLIC        SW4
  B:0090H.6       PUBLIC        SCK
  B:00C8H.3       PUBLIC        EXEN2
  B:0098H.4       PUBLIC        REN
BL51 BANKED LINKER/LOCATER V4.02                                                      10/11/2019  21:49:13  PAGE 38


  B:00A0H.2       PUBLIC        AD10
  B:00A0H.3       PUBLIC        AD11
  D:00C8H         PUBLIC        T2CON
  B:00A0H.4       PUBLIC        AD12
  B:00A0H.5       PUBLIC        AD13
  B:00A0H.6       PUBLIC        AD14
  B:00A0H.7       PUBLIC        AD15
  B:00B8H.4       PUBLIC        PLS
  B:00D0H.5       PUBLIC        F0
  B:00D0H.1       PUBLIC        F1
  D:00D0H         PUBLIC        PSW
  B:00D8H.0       PUBLIC        CCF0
  B:00D8H.1       PUBLIC        CCF1
  -------         PROC          _WRITE_PORT_BIT
  D:0007H         SYMBOL        port_num
  D:0005H         SYMBOL        bit_num
  D:0003H         SYMBOL        bit_val
  C:0EE9H         LINE#         3
  C:0EE9H         LINE#         4
  C:0EE9H         LINE#         5
  C:0EECH         LINE#         6
  C:0EECH         LINE#         7
  C:0EFDH         LINE#         8
  C:0EFDH         LINE#         9
  C:0EFDH         LINE#         10
  C:0F0AH         LINE#         11
  C:0F0BH         LINE#         12
  C:0F0BH         LINE#         13
  C:0F18H         LINE#         14
  C:0F19H         LINE#         15
  C:0F19H         LINE#         16
  C:0F26H         LINE#         17
  C:0F27H         LINE#         18
  C:0F27H         LINE#         19
  C:0F34H         LINE#         20
  C:0F34H         LINE#         21
  C:0F35H         LINE#         23
  C:0F35H         LINE#         24
  C:0F43H         LINE#         25
  C:0F43H         LINE#         26
  C:0F43H         LINE#         27
  C:0F51H         LINE#         28
  C:0F52H         LINE#         29
  C:0F52H         LINE#         30
  C:0F60H         LINE#         31
  C:0F61H         LINE#         32
  C:0F61H         LINE#         33
  C:0F6FH         LINE#         34
  C:0F70H         LINE#         35
  C:0F70H         LINE#         36
  C:0F80H         LINE#         37
  C:0F80H         LINE#         38
  C:0F80H         LINE#         40
  -------         ENDPROC       _WRITE_PORT_BIT
  -------         ENDMOD        OUTPUTS

  -------         MODULE        ?C?CLDOPTR
BL51 BANKED LINKER/LOCATER V4.02                                                      10/11/2019  21:49:13  PAGE 39


  C:035FH         PUBLIC        ?C?CLDOPTR
  -------         ENDMOD        ?C?CLDOPTR

  -------         MODULE        ?C?CSTPTR
  C:038CH         PUBLIC        ?C?CSTPTR
  -------         ENDMOD        ?C?CSTPTR

  -------         MODULE        ?C?CSTOPTR
  C:039EH         PUBLIC        ?C?CSTOPTR
  -------         ENDMOD        ?C?CSTOPTR

  -------         MODULE        ?C?LMUL
  C:03C0H         PUBLIC        ?C?LMUL
  -------         ENDMOD        ?C?LMUL

  -------         MODULE        ?C?ULDIV
  C:044BH         PUBLIC        ?C?ULDIV
  -------         ENDMOD        ?C?ULDIV

  -------         MODULE        ?C?ULCMP
  C:04DDH         PUBLIC        ?C?ULCMP
  -------         ENDMOD        ?C?ULCMP

  -------         MODULE        ?C?ULSHR
  C:04EEH         PUBLIC        ?C?ULSHR
  -------         ENDMOD        ?C?ULSHR

  -------         MODULE        PUTCHAR
  C:12E8H         PUBLIC        _PUTCHAR
  -------         ENDMOD        PUTCHAR

  -------         MODULE        PRINTF
  D:0043H         PUBLIC        ?_PRINTF517?BYTE
  D:0043H         PUBLIC        ?_PRINTF?BYTE
  D:0043H         PUBLIC        ?_SPRINTF517?BYTE
  D:0043H         PUBLIC        ?_SPRINTF?BYTE
  C:0065H         PUBLIC        _PRINTF
  C:0065H         PUBLIC        _PRINTF517
  C:005FH         PUBLIC        _SPRINTF
  C:005FH         PUBLIC        _SPRINTF517
  -------         ENDMOD        PRINTF

  -------         MODULE        ATOL
  C:0BDEH         PUBLIC        _ATOL
  -------         ENDMOD        ATOL

  -------         MODULE        ?C?CLDPTR
  C:0501H         PUBLIC        ?C?CLDPTR
  -------         ENDMOD        ?C?CLDPTR

  -------         MODULE        ?C?LNEG
  C:051AH         PUBLIC        ?C?LNEG
  -------         ENDMOD        ?C?LNEG

  -------         MODULE        ?C?PLDIIDATA
  C:0528H         PUBLIC        ?C?PLDIIDATA
  -------         ENDMOD        ?C?PLDIIDATA
BL51 BANKED LINKER/LOCATER V4.02                                                      10/11/2019  21:49:13  PAGE 40



  -------         MODULE        ?C?CCASE
  C:0538H         PUBLIC        ?C?CCASE
  -------         ENDMOD        ?C?CCASE

  -------         MODULE        ISDIGIT
  C:1348H         PUBLIC        _ISDIGIT
  -------         ENDMOD        ISDIGIT

  -------         MODULE        ISSPACE
  C:1335H         PUBLIC        _ISSPACE
  -------         ENDMOD        ISSPACE

LINK/LOCATE RUN COMPLETE.  0 WARNING(S),  0 ERROR(S)
