C51 COMPILER V6.02  EXP_2_FALL2019                                                         10/11/2019 21:49:12 PAGE 1   


C51 COMPILER V6.02, COMPILATION OF MODULE EXP_2_FALL2019
OBJECT MODULE PLACED IN .\exp_2_fall2019.obj
COMPILER INVOKED BY: C:\Keil\C51\BIN\C51.EXE ..\source\exp_2_fall2019.c DEBUG OBJECTEXTEND PRINT(.\exp_2_fall2019.lst) O
                    -BJECT(.\exp_2_fall2019.obj) 

stmt level    source

   1          #include <stdio.h>
   2          #include "main.h"
   3          #include "PORT.H"
   4          #include "UART.h"
   5          #include "print_bytes.h"
   6          #include "Timer0_hardware_delay_1ms.h"
   7          #include "LCD_routines.h"
   8          #include "LED_Outputs.h"
   9          #include "Long_Serial_In.h"
  10          #include "SPI.h"
  11          #include "SD_card.h"
  12          #include "outputs.h"
  13          
  14          xdata uint8_t block_data[512];
  15          
  16          main()
  17          {
  18   1         uint8_t error_flag;
  19   1         LED_ON(RED_LED_PIN);
  20   1         LED_OFF(GREEN_LED_PIN);
  21   1         LED_OFF(AMBER_LED_PIN);
  22   1         LED_OFF(YELLOW_LED_PIN);
  23   1         //*** This line is needed to make all 1,024 byes of XRAM avaiable ***//
  24   1         AUXR=0x0c;   // make all of XRAM available, ALE always on
  25   1         if(OSC_PER_INST==6)
  26   1         {
  27   2             CKCON0=0x01;  // set X2 clock mode
  28   2         }
  29   1         else if(OSC_PER_INST==12)
  30   1         {
  31   2             CKCON0=0x00;  // set standard clock mode
  32   2         }
  33   1         Timer0_DELAY_1ms(300); // Delay to see RED LED (visual indication program is executing)
  34   1         //*** Initialization Functions  ***//
  35   1         uart_init(9600);
  36   1         LCD_Init();
  37   1         error_flag = SPI_master_init(400000);
  38   1         if(error_flag != SPI_INIT_OK) printf("SPI init error\n");
  39   1      
  40   1         error_flag = SD_card_init();
  41   1         if(error_flag != SD_CARD_INIT_OK)
  42   1         {
  43   2          printf("SD card init error\n");
  44   2          LCD_Print(0x00, sizeof("SD card error")-1, "SD card error");
  45   2         }
  46   1         else
  47   1         {
  48   2           printf("SD card init success\n");
  49   2           LCD_Print(0x00, sizeof("SD card success")-1, "SD card success");
  50   2           LED_ON(GREEN_LED_PIN);
  51   2         }
  52   1      
  53   1         // increase SPI speed to 2MHz
  54   1         error_flag = SPI_master_init(2000000);
C51 COMPILER V6.02  EXP_2_FALL2019                                                         10/11/2019 21:49:12 PAGE 2   

  55   1         if(error_flag != SPI_INIT_OK) printf("SPI init error\n");
  56   1      
  57   1         LED_OFF(RED_LED_PIN);
  58   1         //**** Super Loop ****//
  59   1         while(1)
  60   1         {
  61   2              //Example of how to use lond serial input function to read a 32-bit input value
  62   2              uint32_t block_address;
  63   2              printf("Input a block number to read: ");
  64   2              block_address = long_serial_input();
  65   2      		    //Notice the 'l' modifier on %u which indicates a long (32-bit value)
  66   2      		    //If the value to print is a char (8-bit value), then use a 'b' modifier (%bu).
  67   2              printf("Block requested = %lu\n\r", block_address);
  68   2              LED_ON(AMBER_LED_PIN);
  69   2              error_flag = read_block(block_address, 512, block_data);
  70   2              LED_OFF(AMBER_LED_PIN);
  71   2              if(error_flag == SD_CARD_READ_BLOCK_OK)
  72   2              {
  73   3                print_memory(block_data, 512);
  74   3              }
  75   2              else
  76   2              {
  77   3                printf("error reading SD card block\n");
  78   3              }
  79   2      
  80   2         }
  81   1      }


MODULE INFORMATION:   STATIC OVERLAYABLE
   CODE SIZE        =    272    ----
   CONSTANT SIZE    =    172    ----
   XDATA SIZE       =    512    ----
   PDATA SIZE       =   ----    ----
   DATA SIZE        =   ----       5
   IDATA SIZE       =   ----    ----
   BIT SIZE         =   ----    ----
END OF MODULE INFORMATION.


C51 COMPILATION COMPLETE.  0 WARNING(S),  0 ERROR(S)
