C51 COMPILER V6.02  LED_OUTPUTS                                                            10/11/2019 21:49:12 PAGE 1   


C51 COMPILER V6.02, COMPILATION OF MODULE LED_OUTPUTS
OBJECT MODULE PLACED IN .\LED_Outputs.obj
COMPILER INVOKED BY: C:\Keil\C51\BIN\C51.EXE ..\source\LED_Outputs.c DEBUG OBJECTEXTEND PRINT(.\LED_Outputs.lst) OBJECT(
                    -.\LED_Outputs.obj) 

stmt level    source

   1          #include "main.h"
   2          #include "PORT.H"
   3          #include "outputs.h"
   4          
   5          
   6          
   7          /*********************************************************************
   8          *    LED Output Functions
   9          ********************************************************************/
  10          
  11          void LED_ON(uint8_t pin)
  12          {
  13   1        write_port_bit(LEDS_PORT, pin, CLEAR_BIT);
  14   1      }
  15          
  16          void LED_OFF(uint8_t pin)
  17          {
  18   1        write_port_bit(LEDS_PORT, pin, SET_BIT);
  19   1      }


MODULE INFORMATION:   STATIC OVERLAYABLE
   CODE SIZE        =     18    ----
   CONSTANT SIZE    =   ----    ----
   XDATA SIZE       =   ----    ----
   PDATA SIZE       =   ----    ----
   DATA SIZE        =   ----    ----
   IDATA SIZE       =   ----    ----
   BIT SIZE         =   ----    ----
END OF MODULE INFORMATION.


C51 COMPILATION COMPLETE.  0 WARNING(S),  0 ERROR(S)
